Archive member included to satisfy reference by file (symbol)

d:/ac6/systemworkbench/plugins/fr.ac6.mcu.externaltools.arm-none.win32_1.15.0.201708311556/tools/compiler/bin/../lib/gcc/arm-none-eabi/6.3.1/../../../../arm-none-eabi/lib/thumb/v7e-m/fpv4-sp/hard\libm.a(lib_a-w_log.o)
                              src/DHT11/dht11.o (log)
d:/ac6/systemworkbench/plugins/fr.ac6.mcu.externaltools.arm-none.win32_1.15.0.201708311556/tools/compiler/bin/../lib/gcc/arm-none-eabi/6.3.1/../../../../arm-none-eabi/lib/thumb/v7e-m/fpv4-sp/hard\libm.a(lib_a-e_log.o)
                              d:/ac6/systemworkbench/plugins/fr.ac6.mcu.externaltools.arm-none.win32_1.15.0.201708311556/tools/compiler/bin/../lib/gcc/arm-none-eabi/6.3.1/../../../../arm-none-eabi/lib/thumb/v7e-m/fpv4-sp/hard\libm.a(lib_a-w_log.o) (__ieee754_log)
d:/ac6/systemworkbench/plugins/fr.ac6.mcu.externaltools.arm-none.win32_1.15.0.201708311556/tools/compiler/bin/../lib/gcc/arm-none-eabi/6.3.1/../../../../arm-none-eabi/lib/thumb/v7e-m/fpv4-sp/hard\libm.a(lib_a-s_lib_ver.o)
                              d:/ac6/systemworkbench/plugins/fr.ac6.mcu.externaltools.arm-none.win32_1.15.0.201708311556/tools/compiler/bin/../lib/gcc/arm-none-eabi/6.3.1/../../../../arm-none-eabi/lib/thumb/v7e-m/fpv4-sp/hard\libm.a(lib_a-w_log.o) (__fdlib_version)
d:/ac6/systemworkbench/plugins/fr.ac6.mcu.externaltools.arm-none.win32_1.15.0.201708311556/tools/compiler/bin/../lib/gcc/arm-none-eabi/6.3.1/../../../../arm-none-eabi/lib/thumb/v7e-m/fpv4-sp/hard\libm.a(lib_a-s_matherr.o)
                              d:/ac6/systemworkbench/plugins/fr.ac6.mcu.externaltools.arm-none.win32_1.15.0.201708311556/tools/compiler/bin/../lib/gcc/arm-none-eabi/6.3.1/../../../../arm-none-eabi/lib/thumb/v7e-m/fpv4-sp/hard\libm.a(lib_a-w_log.o) (matherr)
d:/ac6/systemworkbench/plugins/fr.ac6.mcu.externaltools.arm-none.win32_1.15.0.201708311556/tools/compiler/bin/../lib/gcc/arm-none-eabi/6.3.1/../../../../arm-none-eabi/lib/thumb/v7e-m/fpv4-sp/hard\libm.a(lib_a-s_nan.o)
                              d:/ac6/systemworkbench/plugins/fr.ac6.mcu.externaltools.arm-none.win32_1.15.0.201708311556/tools/compiler/bin/../lib/gcc/arm-none-eabi/6.3.1/../../../../arm-none-eabi/lib/thumb/v7e-m/fpv4-sp/hard\libm.a(lib_a-w_log.o) (nan)
d:/ac6/systemworkbench/plugins/fr.ac6.mcu.externaltools.arm-none.win32_1.15.0.201708311556/tools/compiler/bin/../lib/gcc/arm-none-eabi/6.3.1/thumb/v7e-m/fpv4-sp/hard\libgcc.a(_arm_addsubdf3.o)
                              src/DHT11/dht11.o (__aeabi_dsub)
d:/ac6/systemworkbench/plugins/fr.ac6.mcu.externaltools.arm-none.win32_1.15.0.201708311556/tools/compiler/bin/../lib/gcc/arm-none-eabi/6.3.1/thumb/v7e-m/fpv4-sp/hard\libgcc.a(_arm_muldivdf3.o)
                              src/DHT11/dht11.o (__aeabi_dmul)
d:/ac6/systemworkbench/plugins/fr.ac6.mcu.externaltools.arm-none.win32_1.15.0.201708311556/tools/compiler/bin/../lib/gcc/arm-none-eabi/6.3.1/thumb/v7e-m/fpv4-sp/hard\libgcc.a(_arm_cmpdf2.o)
                              d:/ac6/systemworkbench/plugins/fr.ac6.mcu.externaltools.arm-none.win32_1.15.0.201708311556/tools/compiler/bin/../lib/gcc/arm-none-eabi/6.3.1/../../../../arm-none-eabi/lib/thumb/v7e-m/fpv4-sp/hard\libm.a(lib_a-w_log.o) (__aeabi_dcmpeq)
d:/ac6/systemworkbench/plugins/fr.ac6.mcu.externaltools.arm-none.win32_1.15.0.201708311556/tools/compiler/bin/../lib/gcc/arm-none-eabi/6.3.1/thumb/v7e-m/fpv4-sp/hard\libgcc.a(_arm_unorddf2.o)
                              d:/ac6/systemworkbench/plugins/fr.ac6.mcu.externaltools.arm-none.win32_1.15.0.201708311556/tools/compiler/bin/../lib/gcc/arm-none-eabi/6.3.1/../../../../arm-none-eabi/lib/thumb/v7e-m/fpv4-sp/hard\libm.a(lib_a-w_log.o) (__aeabi_dcmpun)
d:/ac6/systemworkbench/plugins/fr.ac6.mcu.externaltools.arm-none.win32_1.15.0.201708311556/tools/compiler/bin/../lib/gcc/arm-none-eabi/6.3.1/thumb/v7e-m/fpv4-sp/hard\libgcc.a(_arm_truncdfsf2.o)
                              src/DHT11/dht11.o (__aeabi_d2f)
d:/ac6/systemworkbench/plugins/fr.ac6.mcu.externaltools.arm-none.win32_1.15.0.201708311556/tools/compiler/bin/../lib/gcc/arm-none-eabi/6.3.1/../../../../arm-none-eabi/lib/thumb/v7e-m/fpv4-sp/hard\libc.a(lib_a-errno.o)
                              src/syscalls.o (__errno)
d:/ac6/systemworkbench/plugins/fr.ac6.mcu.externaltools.arm-none.win32_1.15.0.201708311556/tools/compiler/bin/../lib/gcc/arm-none-eabi/6.3.1/../../../../arm-none-eabi/lib/thumb/v7e-m/fpv4-sp/hard\libc.a(lib_a-exit.o)
                              d:/ac6/systemworkbench/plugins/fr.ac6.mcu.externaltools.arm-none.win32_1.15.0.201708311556/tools/compiler/bin/../lib/gcc/arm-none-eabi/6.3.1/../../../../arm-none-eabi/lib/thumb/v7e-m/fpv4-sp/hard/crt0.o (exit)
d:/ac6/systemworkbench/plugins/fr.ac6.mcu.externaltools.arm-none.win32_1.15.0.201708311556/tools/compiler/bin/../lib/gcc/arm-none-eabi/6.3.1/../../../../arm-none-eabi/lib/thumb/v7e-m/fpv4-sp/hard\libc.a(lib_a-impure.o)
[...]
Memory Configuration

Name             Origin             Length             Attributes
RAM              0x20000000         0x00020000         xrw
ROM              0x08000000         0x00080000         xr
*default*        0x00000000         0xffffffff

Linker script and memory map

LOAD d:/ac6/systemworkbench/plugins/fr.ac6.mcu.externaltools.arm-none.win32_1.15.0.201708311556/tools/compiler/bin/../lib/gcc/arm-none-eabi/6.3.1/thumb/v7e-m/fpv4-sp/hard/crti.o
LOAD d:/ac6/systemworkbench/plugins/fr.ac6.mcu.externaltools.arm-none.win32_1.15.0.201708311556/tools/compiler/bin/../lib/gcc/arm-none-eabi/6.3.1/thumb/v7e-m/fpv4-sp/hard/crtbegin.o
LOAD d:/ac6/systemworkbench/plugins/fr.ac6.mcu.externaltools.arm-none.win32_1.15.0.201708311556/tools/compiler/bin/../lib/gcc/arm-none-eabi/6.3.1/../../../../arm-none-eabi/lib/thumb/v7e-m/fpv4-sp/hard/crt0.o
LOAD StdPeriph_Driver/src/misc.o
LOAD StdPeriph_Driver/src/stm32f4xx_adc.o
LOAD StdPeriph_Driver/src/stm32f4xx_can.o
LOAD StdPeriph_Driver/src/stm32f4xx_cec.o
LOAD StdPeriph_Driver/src/stm32f4xx_crc.o
LOAD StdPeriph_Driver/src/stm32f4xx_cryp.o
LOAD StdPeriph_Driver/src/stm32f4xx_cryp_aes.o
LOAD StdPeriph_Driver/src/stm32f4xx_cryp_des.o
LOAD StdPeriph_Driver/src/stm32f4xx_cryp_tdes.o
LOAD StdPeriph_Driver/src/stm32f4xx_dac.o
LOAD StdPeriph_Driver/src/stm32f4xx_dbgmcu.o
LOAD StdPeriph_Driver/src/stm32f4xx_dcmi.o
LOAD StdPeriph_Driver/src/stm32f4xx_dfsdm.o
LOAD StdPeriph_Driver/src/stm32f4xx_dma.o
LOAD StdPeriph_Driver/src/stm32f4xx_dma2d.o
LOAD StdPeriph_Driver/src/stm32f4xx_dsi.o
LOAD StdPeriph_Driver/src/stm32f4xx_exti.o
LOAD StdPeriph_Driver/src/stm32f4xx_flash.o
LOAD StdPeriph_Driver/src/stm32f4xx_flash_ramfunc.o
LOAD StdPeriph_Driver/src/stm32f4xx_fmc.o
LOAD StdPeriph_Driver/src/stm32f4xx_fmip2c.o
LOAD StdPeriph_Driver/src/stm32f4xx_fsmc.o
LOAD StdPeriph_Driver/src/stm32f4xx_gpio.o
LOAD StdPeriph_Driver/src/stm32f4xx_hash.o
LOAD StdPeriph_Driver/src/stm32f4xx_hash_md5.o
LOAD StdPeriph_Driver/src/stm32f4xx_hash_sha1.o
LOAD StdPeriph_Driver/src/stm32f4xx_i2c.o
LOAD StdPeriph_Driver/src/stm32f4xx_iwdg.o
LOAD StdPeriph_Driver/src/stm32f4xx_lptim.o
LOAD StdPeriph_Driver/src/stm32f4xx_ltdc.o
LOAD StdPeriph_Driver/src/stm32f4xx_pwr.o
LOAD StdPeriph_Driver/src/stm32f4xx_qspi.o
LOAD StdPeriph_Driver/src/stm32f4xx_rcc.o
LOAD StdPeriph_Driver/src/stm32f4xx_rng.o
LOAD StdPeriph_Driver/src/stm32f4xx_rtc.o
LOAD StdPeriph_Driver/src/stm32f4xx_sai.o
LOAD StdPeriph_Driver/src/stm32f4xx_sdio.o
LOAD StdPeriph_Driver/src/stm32f4xx_spdifrx.o
LOAD StdPeriph_Driver/src/stm32f4xx_spi.o
LOAD StdPeriph_Driver/src/stm32f4xx_syscfg.o
LOAD StdPeriph_Driver/src/stm32f4xx_tim.o
LOAD StdPeriph_Driver/src/stm32f4xx_usart.o
LOAD StdPeriph_Driver/src/stm32f4xx_wwdg.o
LOAD src/DHT11/dht11.o
LOAD src/TM/tm_stm32f4_delay.o
LOAD src/TM/tm_stm32f4_disco.o
LOAD src/TM/tm_stm32f4_gpio.o
LOAD src/TM/tm_stm32f4_onewire.o
LOAD src/TM/tm_stm32f4_rcc.o
LOAD src/TM/tm_stm32f4_usart.o
LOAD src/main.o
LOAD src/syscalls.o
LOAD src/system_stm32f4xx.o
LOAD startup/startup_stm32.o
LOAD d:/ac6/systemworkbench/plugins/fr.ac6.mcu.externaltools.arm-none.win32_1.15.0.201708311556/tools/compiler/bin/../lib/gcc/arm-none-eabi/6.3.1/../../../../arm-none-eabi/lib/thumb/v7e-m/fpv4-sp/hard\libm.a
START GROUP
LOAD d:/ac6/systemworkbench/plugins/fr.ac6.mcu.externaltools.arm-none.win32_1.15.0.201708311556/tools/compiler/bin/../lib/gcc/arm-none-eabi/6.3.1/thumb/v7e-m/fpv4-sp/hard\libgcc.a
LOAD d:/ac6/systemworkbench/plugins/fr.ac6.mcu.externaltools.arm-none.win32_1.15.0.201708311556/tools/compiler/bin/../lib/gcc/arm-none-eabi/6.3.1/../../../../arm-none-eabi/lib/thumb/v7e-m/fpv4-sp/hard\libc.a
END GROUP
LOAD d:/ac6/systemworkbench/plugins/fr.ac6.mcu.externaltools.arm-none.win32_1.15.0.201708311556/tools/compiler/bin/../lib/gcc/arm-none-eabi/6.3.1/thumb/v7e-m/fpv4-sp/hard/crtend.o
LOAD d:/ac6/systemworkbench/plugins/fr.ac6.mcu.externaltools.arm-none.win32_1.15.0.201708311556/tools/compiler/bin/../lib/gcc/arm-none-eabi/6.3.1/thumb/v7e-m/fpv4-sp/hard/crtn.o
                0x20020000                _estack = 0x20020000
                0x00000000                _Min_Heap_Size = 0x0
                0x00000400                _Min_Stack_Size = 0x400

.isr_vector     0x08000000      0x188
                0x08000000                . = ALIGN (0x4)
 *(.isr_vector)
 .isr_vector    0x08000000      0x188 startup/startup_stm32.o
                0x08000000                g_pfnVectors
                0x08000188                . = ALIGN (0x4)

.text           0x08000188     0x1f00
                0x08000188                . = ALIGN (0x4)
 *(.text)
 .text          0x08000188       0x6c d:/ac6/systemworkbench/plugins/fr.ac6.mcu.externaltools.arm-none.win32_1.15.0.201708311556/tools/compiler/bin/../lib/gcc/arm-none-eabi/6.3.1/thumb/v7e-m/fpv4-sp/hard/crtbegin.o
 *(.text*)
 .text.NVIC_Init
                0x080001f4       0xc4 StdPeriph_Driver/src/misc.o
                0x080001f4                NVIC_Init
 .text.GPIO_ReadInputDataBit
                0x080002b8       0x34 StdPeriph_Driver/src/stm32f4xx_gpio.o
                0x080002b8                GPIO_ReadInputDataBit
 .text.GPIO_SetBits
                0x080002ec       0x1e StdPeriph_Driver/src/stm32f4xx_gpio.o
                0x080002ec                GPIO_SetBits
 .text.GPIO_ResetBits
                0x0800030a       0x1e StdPeriph_Driver/src/stm32f4xx_gpio.o
                0x0800030a                GPIO_ResetBits
 .text.RCC_GetClocksFreq
                0x08000328      0x150 StdPeriph_Driver/src/stm32f4xx_rcc.o
                0x08000328                RCC_GetClocksFreq
 .text.RCC_AHB1PeriphClockCmd
                0x08000478       0x40 StdPeriph_Driver/src/stm32f4xx_rcc.o
                0x08000478                RCC_AHB1PeriphClockCmd
 .text.RCC_APB1PeriphClockCmd
                0x080004b8       0x40 StdPeriph_Driver/src/stm32f4xx_rcc.o
                0x080004b8                RCC_APB1PeriphClockCmd
 .text.RCC_APB1PeriphResetCmd
                0x080004f8       0x40 StdPeriph_Driver/src/stm32f4xx_rcc.o
                0x080004f8                RCC_APB1PeriphResetCmd
 .text.RCC_APB2PeriphResetCmd
                0x08000538       0x40 StdPeriph_Driver/src/stm32f4xx_rcc.o
                0x08000538                RCC_APB2PeriphResetCmd
 .text.TIM_TimeBaseInit
                0x08000578       0xd8 StdPeriph_Driver/src/stm32f4xx_tim.o
                0x08000578                TIM_TimeBaseInit
 .text.TIM_SetCounter
                0x08000650       0x1c StdPeriph_Driver/src/stm32f4xx_tim.o
                0x08000650                TIM_SetCounter
 .text.TIM_GetCounter
                0x0800066c       0x18 StdPeriph_Driver/src/stm32f4xx_tim.o
                0x0800066c                TIM_GetCounter
 .text.TIM_Cmd  0x08000684       0x40 StdPeriph_Driver/src/stm32f4xx_tim.o
                0x08000684                TIM_Cmd
 .text.USART_DeInit
                0x080006c4      0x118 StdPeriph_Driver/src/stm32f4xx_usart.o
                0x080006c4                USART_DeInit
 .text.USART_Init
                0x080007dc      0x174 StdPeriph_Driver/src/stm32f4xx_usart.o
                0x080007dc                USART_Init
 .text.DHT11initTIM2
                0x08000950       0x44 src/DHT11/dht11.o
                0x08000950                DHT11initTIM2
 .text.DHT11initGPIOasOutput
                0x08000994       0x2c src/DHT11/dht11.o
                0x08000994                DHT11initGPIOasOutput
 .text.DHT11initGPIOasInput
                0x080009c0       0x2c src/DHT11/dht11.o
                0x080009c0                DHT11initGPIOasInput
 .text.DHT11_delay_us
                0x080009ec       0x2a src/DHT11/dht11.o
                0x080009ec                DHT11_delay_us
 *fill*         0x08000a16        0x2 
 .text.DHT11Read
                0x08000a18      0x140 src/DHT11/dht11.o
                0x08000a18                DHT11Read
 .text.SysTick_Handler
                0x08000b58       0xf0 src/TM/tm_stm32f4_delay.o
                0x08000b58                SysTick_Handler
 .text.TM_DISCO_LedInit
                0x08000c48       0x30 src/TM/tm_stm32f4_disco.o
                0x08000c48                TM_DISCO_LedInit
 .text.TM_DISCO_ButtonInit
                0x08000c78       0x24 src/TM/tm_stm32f4_disco.o
                0x08000c78                TM_DISCO_ButtonInit
 .text.TM_GPIO_Init
                0x08000c9c       0x46 src/TM/tm_stm32f4_gpio.o
                0x08000c9c                TM_GPIO_Init
 .text.TM_GPIO_InitAlternate
                0x08000ce2       0xa6 src/TM/tm_stm32f4_gpio.o
                0x08000ce2                TM_GPIO_InitAlternate
 .text.TM_GPIO_GetPortSource
                0x08000d88       0x22 src/TM/tm_stm32f4_gpio.o
                0x08000d88                TM_GPIO_GetPortSource
 *fill*         0x08000daa        0x2 
 .text.TM_GPIO_INT_EnableClock
                0x08000dac       0x30 src/TM/tm_stm32f4_gpio.o
                0x08000dac                TM_GPIO_INT_EnableClock
 .text.TM_GPIO_INT_Init
                0x08000ddc      0x10c src/TM/tm_stm32f4_gpio.o
                0x08000ddc                TM_GPIO_INT_Init
 .text.TM_USART_Init
                0x08000ee8       0x90 src/TM/tm_stm32f4_usart.o
                0x08000ee8                TM_USART_Init
 .text.TM_USART_Puts
                0x08000f78       0x5c src/TM/tm_stm32f4_usart.o
                0x08000f78                TM_USART_Puts
 .text.TM_USART_InitCustomPinsCallback
                0x08000fd4       0x18 src/TM/tm_stm32f4_usart.o
                0x08000fd4                TM_USART_InitCustomPinsCallback
 .text.TM_USART_INT_GetUsart
                0x08000fec       0x54 src/TM/tm_stm32f4_usart.o
                0x08000fec                TM_USART_INT_GetUsart
 .text.TM_USART_INT_GetSubPriority
                0x08001040       0x48 src/TM/tm_stm32f4_usart.o
                0x08001040                TM_USART_INT_GetSubPriority
 .text.TM_USART1_InitPins
                0x08001088       0x64 src/TM/tm_stm32f4_usart.o
                0x08001088                TM_USART1_InitPins
 .text.TM_USART2_InitPins
                0x080010ec       0x60 src/TM/tm_stm32f4_usart.o
                0x080010ec                TM_USART2_InitPins
 .text.TM_USART6_InitPins
                0x0800114c       0x64 src/TM/tm_stm32f4_usart.o
                0x0800114c                TM_USART6_InitPins
 .text.TM_USART_INT_Init
                0x080011b0      0x120 src/TM/tm_stm32f4_usart.o
 .text.main     0x080012d0       0x74 src/main.o
                0x080012d0                main
 .text.btSend   0x08001344       0x50 src/main.o
                0x08001344                btSend
 .text._sbrk    0x08001394       0x58 src/syscalls.o
                0x08001394                _sbrk
 .text.SystemInit
                0x080013ec       0x6c src/system_stm32f4xx.o
                0x080013ec                SystemInit
 .text.SetSysClock
                0x08001458       0xa0 src/system_stm32f4xx.o
 .text.Reset_Handler
                0x080014f8       0x48 startup/startup_stm32.o
                0x080014f8                Reset_Handler
 .text.Default_Handler
                0x08001540        0x2 startup/startup_stm32.o
                0x08001540                DebugMon_Handler
                0x08001540                HardFault_Handler
                0x08001540                PendSV_Handler
                0x08001540                NMI_Handler
                0x08001540                UsageFault_Handler
                0x08001540                Default_Handler
                0x08001540                MemManage_Handler
                0x08001540                SVC_Handler
                0x08001540                BusFault_Handler
 *fill*         0x08001542        0x2 
 .text.__errno  0x08001544        0xc d:/ac6/systemworkbench/plugins/fr.ac6.mcu.externaltools.arm-none.win32_1.15.0.201708311556/tools/compiler/bin/../lib/gcc/arm-none-eabi/6.3.1/../../../../arm-none-eabi/lib/thumb/v7e-m/fpv4-sp/hard\libc.a(lib_a-errno.o)
                0x08001544                __errno
 .text.__libc_init_array
                0x08001550       0x50 d:/ac6/systemworkbench/plugins/fr.ac6.mcu.externaltools.arm-none.win32_1.15.0.201708311556/tools/compiler/bin/../lib/gcc/arm-none-eabi/6.3.1/../../../../arm-none-eabi/lib/thumb/v7e-m/fpv4-sp/hard\libc.a(lib_a-init.o)
                0x08001550                __libc_init_array
 .text.malloc   0x080015a0       0x10 d:/ac6/systemworkbench/plugins/fr.ac6.mcu.externaltools.arm-none.win32_1.15.0.201708311556/tools/compiler/bin/../lib/gcc/arm-none-eabi/6.3.1/../../../../arm-none-eabi/lib/thumb/v7e-m/fpv4-sp/hard\libc.a(lib_a-malloc.o)
                0x080015a0                malloc
 .text._malloc_r
                0x080015b0      0x560 d:/ac6/systemworkbench/plugins/fr.ac6.mcu.externaltools.arm-none.win32_1.15.0.201708311556/tools/compiler/bin/../lib/gcc/arm-none-eabi/6.3.1/../../../../arm-none-eabi/lib/thumb/v7e-m/fpv4-sp/hard\libc.a(lib_a-mallocr.o)
                0x080015b0                _malloc_r
 .text.memset   0x08001b10       0x9c d:/ac6/systemworkbench/plugins/fr.ac6.mcu.externaltools.arm-none.win32_1.15.0.201708311556/tools/compiler/bin/../lib/gcc/arm-none-eabi/6.3.1/../../../../arm-none-eabi/lib/thumb/v7e-m/fpv4-sp/hard\libc.a(lib_a-memset.o)
                0x08001b10                memset
 .text.__malloc_lock
                0x08001bac        0xc d:/ac6/systemworkbench/plugins/fr.ac6.mcu.externaltools.arm-none.win32_1.15.0.201708311556/tools/compiler/bin/../lib/gcc/arm-none-eabi/6.3.1/../../../../arm-none-eabi/lib/thumb/v7e-m/fpv4-sp/hard\libc.a(lib_a-mlock.o)
                0x08001bac                __malloc_lock
 .text.__malloc_unlock
                0x08001bb8        0xc d:/ac6/systemworkbench/plugins/fr.ac6.mcu.externaltools.arm-none.win32_1.15.0.201708311556/tools/compiler/bin/../lib/gcc/arm-none-eabi/6.3.1/../../../../arm-none-eabi/lib/thumb/v7e-m/fpv4-sp/hard\libc.a(lib_a-mlock.o)
                0x08001bb8                __malloc_unlock
 .text._sbrk_r  0x08001bc4       0x24 d:/ac6/systemworkbench/plugins/fr.ac6.mcu.externaltools.arm-none.win32_1.15.0.201708311556/tools/compiler/bin/../lib/gcc/arm-none-eabi/6.3.1/../../../../arm-none-eabi/lib/thumb/v7e-m/fpv4-sp/hard\libc.a(lib_a-sbrkr.o)
                0x08001bc4                _sbrk_r
 .text.strcat   0x08001be8       0x40 d:/ac6/systemworkbench/plugins/fr.ac6.mcu.externaltools.arm-none.win32_1.15.0.201708311556/tools/compiler/bin/../lib/gcc/arm-none-eabi/6.3.1/../../../../arm-none-eabi/lib/thumb/v7e-m/fpv4-sp/hard\libc.a(lib_a-strcat.o)
                0x08001be8                strcat
 .text.strcpy   0x08001c28       0xbc d:/ac6/systemworkbench/plugins/fr.ac6.mcu.externaltools.arm-none.win32_1.15.0.201708311556/tools/compiler/bin/../lib/gcc/arm-none-eabi/6.3.1/../../../../arm-none-eabi/lib/thumb/v7e-m/fpv4-sp/hard\libc.a(lib_a-strcpy.o)
                0x08001c28                strcpy
 .text.startup.register_fini
                0x08001ce4       0x14 d:/ac6/systemworkbench/plugins/fr.ac6.mcu.externaltools.arm-none.win32_1.15.0.201708311556/tools/compiler/bin/../lib/gcc/arm-none-eabi/6.3.1/../../../../arm-none-eabi/lib/thumb/v7e-m/fpv4-sp/hard\libc.a(lib_a-__call_atexit.o)
 .text.atexit   0x08001cf8        0xc d:/ac6/systemworkbench/plugins/fr.ac6.mcu.externaltools.arm-none.win32_1.15.0.201708311556/tools/compiler/bin/../lib/gcc/arm-none-eabi/6.3.1/../../../../arm-none-eabi/lib/thumb/v7e-m/fpv4-sp/hard\libc.a(lib_a-atexit.o)
                0x08001cf8                atexit
 .text.__libc_fini_array
                0x08001d04       0x34 d:/ac6/systemworkbench/plugins/fr.ac6.mcu.externaltools.arm-none.win32_1.15.0.201708311556/tools/compiler/bin/../lib/gcc/arm-none-eabi/6.3.1/../../../../arm-none-eabi/lib/thumb/v7e-m/fpv4-sp/hard\libc.a(lib_a-fini.o)
                0x08001d04                __libc_fini_array
 .text._malloc_trim_r
                0x08001d38       0xa0 d:/ac6/systemworkbench/plugins/fr.ac6.mcu.externaltools.arm-none.win32_1.15.0.201708311556/tools/compiler/bin/../lib/gcc/arm-none-eabi/6.3.1/../../../../arm-none-eabi/lib/thumb/v7e-m/fpv4-sp/hard\libc.a(lib_a-freer.o)
                0x08001d38                _malloc_trim_r
 .text._free_r  0x08001dd8      0x1cc d:/ac6/systemworkbench/plugins/fr.ac6.mcu.externaltools.arm-none.win32_1.15.0.201708311556/tools/compiler/bin/../lib/gcc/arm-none-eabi/6.3.1/../../../../arm-none-eabi/lib/thumb/v7e-m/fpv4-sp/hard\libc.a(lib_a-freer.o)
                0x08001dd8                _free_r
 .text.__retarget_lock_acquire_recursive
                0x08001fa4        0x4 d:/ac6/systemworkbench/plugins/fr.ac6.mcu.externaltools.arm-none.win32_1.15.0.201708311556/tools/compiler/bin/../lib/gcc/arm-none-eabi/6.3.1/../../../../arm-none-eabi/lib/thumb/v7e-m/fpv4-sp/hard\libc.a(lib_a-lock.o)
                0x08001fa4                __retarget_lock_acquire_recursive
 .text.__retarget_lock_release_recursive
                0x08001fa8        0x4 d:/ac6/systemworkbench/plugins/fr.ac6.mcu.externaltools.arm-none.win32_1.15.0.201708311556/tools/compiler/bin/../lib/gcc/arm-none-eabi/6.3.1/../../../../arm-none-eabi/lib/thumb/v7e-m/fpv4-sp/hard\libc.a(lib_a-lock.o)
                0x08001fa8                __retarget_lock_release_recursive
 .text.__register_exitproc
                0x08001fac       0xc4 d:/ac6/systemworkbench/plugins/fr.ac6.mcu.externaltools.arm-none.win32_1.15.0.201708311556/tools/compiler/bin/../lib/gcc/arm-none-eabi/6.3.1/../../../../arm-none-eabi/lib/thumb/v7e-m/fpv4-sp/hard\libc.a(lib_a-__atexit.o)
                0x08001fac                __register_exitproc
 *(.glue_7)
 .glue_7        0x08002070        0x0 linker stubs
 *(.glue_7t)
 .glue_7t       0x08002070        0x0 linker stubs
 *(.eh_frame)
 .eh_frame      0x08002070        0x0 d:/ac6/systemworkbench/plugins/fr.ac6.mcu.externaltools.arm-none.win32_1.15.0.201708311556/tools/compiler/bin/../lib/gcc/arm-none-eabi/6.3.1/thumb/v7e-m/fpv4-sp/hard/crtbegin.o
 *(.init)
 .init          0x08002070        0x4 d:/ac6/systemworkbench/plugins/fr.ac6.mcu.externaltools.arm-none.win32_1.15.0.201708311556/tools/compiler/bin/../lib/gcc/arm-none-eabi/6.3.1/thumb/v7e-m/fpv4-sp/hard/crti.o
                0x08002070                _init
 .init          0x08002074        0x8 d:/ac6/systemworkbench/plugins/fr.ac6.mcu.externaltools.arm-none.win32_1.15.0.201708311556/tools/compiler/bin/../lib/gcc/arm-none-eabi/6.3.1/thumb/v7e-m/fpv4-sp/hard/crtn.o
 *(.fini)
 .fini          0x0800207c        0x4 d:/ac6/systemworkbench/plugins/fr.ac6.mcu.externaltools.arm-none.win32_1.15.0.201708311556/tools/compiler/bin/../lib/gcc/arm-none-eabi/6.3.1/thumb/v7e-m/fpv4-sp/hard/crti.o
                0x0800207c                _fini
 .fini          0x08002080        0x8 d:/ac6/systemworkbench/plugins/fr.ac6.mcu.externaltools.arm-none.win32_1.15.0.201708311556/tools/compiler/bin/../lib/gcc/arm-none-eabi/6.3.1/thumb/v7e-m/fpv4-sp/hard/crtn.o
                0x08002088                . = ALIGN (0x4)
                0x08002088                _etext = .

.vfp11_veneer   0x08002088        0x0
 .vfp11_veneer  0x08002088        0x0 linker stubs

.v4_bx          0x08002088        0x0
 .v4_bx         0x08002088        0x0 linker stubs

.iplt           0x08002088        0x0
 .iplt          0x08002088        0x0 d:/ac6/systemworkbench/plugins/fr.ac6.mcu.externaltools.arm-none.win32_1.15.0.201708311556/tools/compiler/bin/../lib/gcc/arm-none-eabi/6.3.1/thumb/v7e-m/fpv4-sp/hard/crtbegin.o

.rodata         0x08002088       0x2c
                0x08002088                . = ALIGN (0x4)
 *(.rodata)
 .rodata        0x08002088       0x27 src/main.o
 *(.rodata*)
 *fill*         0x080020af        0x1 
 .rodata._global_impure_ptr
                0x080020b0        0x4 d:/ac6/systemworkbench/plugins/fr.ac6.mcu.externaltools.arm-none.win32_1.15.0.201708311556/tools/compiler/bin/../lib/gcc/arm-none-eabi/6.3.1/../../../../arm-none-eabi/lib/thumb/v7e-m/fpv4-sp/hard\libc.a(lib_a-impure.o)
                0x080020b0                _global_impure_ptr
                0x080020b4                . = ALIGN (0x4)

.rel.dyn        0x080020b4        0x0
 .rel.iplt      0x080020b4        0x0 d:/ac6/systemworkbench/plugins/fr.ac6.mcu.externaltools.arm-none.win32_1.15.0.201708311556/tools/compiler/bin/../lib/gcc/arm-none-eabi/6.3.1/thumb/v7e-m/fpv4-sp/hard/crtbegin.o

.ARM.extab      0x080020b4        0x0
                0x080020b4                . = ALIGN (0x4)
 *(.ARM.extab* .gnu.linkonce.armextab.*)
                0x080020b4                . = ALIGN (0x4)

.ARM            0x080020b4        0x0
                0x080020b4                . = ALIGN (0x4)
                0x080020b4                __exidx_start = .
 *(.ARM.exidx*)
                0x080020b4                __exidx_end = .
                0x080020b4                . = ALIGN (0x4)

.preinit_array  0x080020b4        0x0
                0x080020b4                . = ALIGN (0x4)
                0x080020b4                PROVIDE (__preinit_array_start, .)
 *(.preinit_array*)
                0x080020b4                PROVIDE (__preinit_array_end, .)
                0x080020b4                . = ALIGN (0x4)

.init_array     0x080020b4        0x8
                0x080020b4                . = ALIGN (0x4)
                0x080020b4                PROVIDE (__init_array_start, .)
 *(SORT(.init_array.*))
 .init_array.00000
                0x080020b4        0x4 d:/ac6/systemworkbench/plugins/fr.ac6.mcu.externaltools.arm-none.win32_1.15.0.201708311556/tools/compiler/bin/../lib/gcc/arm-none-eabi/6.3.1/../../../../arm-none-eabi/lib/thumb/v7e-m/fpv4-sp/hard\libc.a(lib_a-__call_atexit.o)
 *(.init_array*)
 .init_array    0x080020b8        0x4 d:/ac6/systemworkbench/plugins/fr.ac6.mcu.externaltools.arm-none.win32_1.15.0.201708311556/tools/compiler/bin/../lib/gcc/arm-none-eabi/6.3.1/thumb/v7e-m/fpv4-sp/hard/crtbegin.o
                0x080020bc                PROVIDE (__init_array_end, .)
                0x080020bc                . = ALIGN (0x4)

.fini_array     0x080020bc        0x4
                0x080020bc                . = ALIGN (0x4)
                0x080020bc                PROVIDE (__fini_array_start, .)
 *(SORT(.fini_array.*))
 *(.fini_array*)
 .fini_array    0x080020bc        0x4 d:/ac6/systemworkbench/plugins/fr.ac6.mcu.externaltools.arm-none.win32_1.15.0.201708311556/tools/compiler/bin/../lib/gcc/arm-none-eabi/6.3.1/thumb/v7e-m/fpv4-sp/hard/crtbegin.o
                0x080020c0                PROVIDE (__fini_array_end, .)
                0x080020c0                . = ALIGN (0x4)
                0x080020c0                _sidata = LOADADDR (.data)

.data           0x20000000      0x884 load address 0x080020c0
                0x20000000                . = ALIGN (0x4)
                0x20000000                _sdata = .
 *(.data)
 .data          0x20000000       0x10 StdPeriph_Driver/src/stm32f4xx_rcc.o
 .data          0x20000010       0x30 src/TM/tm_stm32f4_usart.o
                0x20000010                TM_USART1
                0x20000020                TM_USART2
                0x20000030                TM_USART6
 *(.data*)
 .data._impure_ptr
                0x20000040        0x4 d:/ac6/systemworkbench/plugins/fr.ac6.mcu.externaltools.arm-none.win32_1.15.0.201708311556/tools/compiler/bin/../lib/gcc/arm-none-eabi/6.3.1/../../../../arm-none-eabi/lib/thumb/v7e-m/fpv4-sp/hard\libc.a(lib_a-impure.o)
                0x20000040                _impure_ptr
 *fill*         0x20000044        0x4 
 .data.impure_data
                0x20000048      0x428 d:/ac6/systemworkbench/plugins/fr.ac6.mcu.externaltools.arm-none.win32_1.15.0.201708311556/tools/compiler/bin/../lib/gcc/arm-none-eabi/6.3.1/../../../../arm-none-eabi/lib/thumb/v7e-m/fpv4-sp/hard\libc.a(lib_a-impure.o)
 .data.__malloc_av_
                0x20000470      0x408 d:/ac6/systemworkbench/plugins/fr.ac6.mcu.externaltools.arm-none.win32_1.15.0.201708311556/tools/compiler/bin/../lib/gcc/arm-none-eabi/6.3.1/../../../../arm-none-eabi/lib/thumb/v7e-m/fpv4-sp/hard\libc.a(lib_a-mallocr.o)
                0x20000470                __malloc_av_
 .data.__malloc_sbrk_base
                0x20000878        0x4 d:/ac6/systemworkbench/plugins/fr.ac6.mcu.externaltools.arm-none.win32_1.15.0.201708311556/tools/compiler/bin/../lib/gcc/arm-none-eabi/6.3.1/../../../../arm-none-eabi/lib/thumb/v7e-m/fpv4-sp/hard\libc.a(lib_a-mallocr.o)
                0x20000878                __malloc_sbrk_base
 .data.__malloc_trim_threshold
                0x2000087c        0x4 d:/ac6/systemworkbench/plugins/fr.ac6.mcu.externaltools.arm-none.win32_1.15.0.201708311556/tools/compiler/bin/../lib/gcc/arm-none-eabi/6.3.1/../../../../arm-none-eabi/lib/thumb/v7e-m/fpv4-sp/hard\libc.a(lib_a-mallocr.o)
                0x2000087c                __malloc_trim_threshold
 .data.__atexit_recursive_mutex
                0x20000880        0x4 d:/ac6/systemworkbench/plugins/fr.ac6.mcu.externaltools.arm-none.win32_1.15.0.201708311556/tools/compiler/bin/../lib/gcc/arm-none-eabi/6.3.1/../../../../arm-none-eabi/lib/thumb/v7e-m/fpv4-sp/hard\libc.a(lib_a-__call_atexit.o)
                0x20000880                __atexit_recursive_mutex
                0x20000884                . = ALIGN (0x4)
                0x20000884                _edata = .

.jcr            0x20000884        0x0 load address 0x08002944
 .jcr           0x20000884        0x0 d:/ac6/systemworkbench/plugins/fr.ac6.mcu.externaltools.arm-none.win32_1.15.0.201708311556/tools/compiler/bin/../lib/gcc/arm-none-eabi/6.3.1/thumb/v7e-m/fpv4-sp/hard/crtbegin.o

.igot.plt       0x20000884        0x0 load address 0x08002944
 .igot.plt      0x20000884        0x0 d:/ac6/systemworkbench/plugins/fr.ac6.mcu.externaltools.arm-none.win32_1.15.0.201708311556/tools/compiler/bin/../lib/gcc/arm-none-eabi/6.3.1/thumb/v7e-m/fpv4-sp/hard/crtbegin.o
                0x20000884                . = ALIGN (0x4)

.bss            0x20000884      0x13c load address 0x08002944
                0x20000884                _sbss = .
                0x20000884                __bss_start__ = _sbss
 *(.bss)
 .bss           0x20000884       0x1c d:/ac6/systemworkbench/plugins/fr.ac6.mcu.externaltools.arm-none.win32_1.15.0.201708311556/tools/compiler/bin/../lib/gcc/arm-none-eabi/6.3.1/thumb/v7e-m/fpv4-sp/hard/crtbegin.o
 .bss           0x200008a0       0x28 src/TM/tm_stm32f4_delay.o
                0x200008a0                TM_TimingDelay
                0x200008a4                TM_Time
                0x200008a8                TM_Time2
                0x200008ac                TM_DELAY_Initialized
 .bss           0x200008c8       0x16 src/TM/tm_stm32f4_gpio.o
 *fill*         0x200008de        0x2 
 .bss           0x200008e0        0x8 src/syscalls.o
                0x200008e0                __env
 *(.bss*)
 .bss.__malloc_current_mallinfo
                0x200008e8       0x28 d:/ac6/systemworkbench/plugins/fr.ac6.mcu.externaltools.arm-none.win32_1.15.0.201708311556/tools/compiler/bin/../lib/gcc/arm-none-eabi/6.3.1/../../../../arm-none-eabi/lib/thumb/v7e-m/fpv4-sp/hard\libc.a(lib_a-mallocr.o)
                0x200008e8                __malloc_current_mallinfo
 .bss.__malloc_max_sbrked_mem
                0x20000910        0x4 d:/ac6/systemworkbench/plugins/fr.ac6.mcu.externaltools.arm-none.win32_1.15.0.201708311556/tools/compiler/bin/../lib/gcc/arm-none-eabi/6.3.1/../../../../arm-none-eabi/lib/thumb/v7e-m/fpv4-sp/hard\libc.a(lib_a-mallocr.o)
                0x20000910                __malloc_max_sbrked_mem
 .bss.__malloc_max_total_mem
                0x20000914        0x4 d:/ac6/systemworkbench/plugins/fr.ac6.mcu.externaltools.arm-none.win32_1.15.0.201708311556/tools/compiler/bin/../lib/gcc/arm-none-eabi/6.3.1/../../../../arm-none-eabi/lib/thumb/v7e-m/fpv4-sp/hard\libc.a(lib_a-mallocr.o)
                0x20000914                __malloc_max_total_mem
 .bss.__malloc_top_pad
                0x20000918        0x4 d:/ac6/systemworkbench/plugins/fr.ac6.mcu.externaltools.arm-none.win32_1.15.0.201708311556/tools/compiler/bin/../lib/gcc/arm-none-eabi/6.3.1/../../../../arm-none-eabi/lib/thumb/v7e-m/fpv4-sp/hard\libc.a(lib_a-mallocr.o)
                0x20000918                __malloc_top_pad
 *(COMMON)
 COMMON         0x2000091c       0x14 src/DHT11/dht11.o
                0x2000091c                TIM_TimeBaseStructure
                0x20000928                GPIO_InitStructure
 COMMON         0x20000930       0x60 src/TM/tm_stm32f4_usart.o
                0x20000930                TM_USART6_Buffer
                0x20000950                TM_USART2_Buffer
                0x20000970                TM_USART1_Buffer
 COMMON         0x20000990        0x5 src/main.o
                0x20000990                Temp
                0x20000991                Rh
                0x20000992                TempDec
                0x20000993                RhDec
                0x20000994                ChkSum
 *fill*         0x20000995        0x3 
 COMMON         0x20000998       0x21 d:/ac6/systemworkbench/plugins/fr.ac6.mcu.externaltools.arm-none.win32_1.15.0.201708311556/tools/compiler/bin/../lib/gcc/arm-none-eabi/6.3.1/../../../../arm-none-eabi/lib/thumb/v7e-m/fpv4-sp/hard\libc.a(lib_a-lock.o)
                0x20000998                __lock___atexit_recursive_mutex
                0x2000099c                __lock___arc4random_mutex
                0x200009a0                __lock___env_recursive_mutex
                0x200009a4                __lock___sinit_recursive_mutex
                0x200009a8                __lock___malloc_recursive_mutex
                0x200009ac                __lock___at_quick_exit_mutex
                0x200009b0                __lock___dd_hash_mutex
                0x200009b4                __lock___tz_mutex
                0x200009b8                __lock___sfp_recursive_mutex
 *fill*         0x200009b9        0x3 
 COMMON         0x200009bc        0x4 d:/ac6/systemworkbench/plugins/fr.ac6.mcu.externaltools.arm-none.win32_1.15.0.201708311556/tools/compiler/bin/../lib/gcc/arm-none-eabi/6.3.1/../../../../arm-none-eabi/lib/thumb/v7e-m/fpv4-sp/hard\libc.a(lib_a-reent.o)
                0x200009bc                errno
                0x200009c0                . = ALIGN (0x4)
                0x200009c0                _ebss = .
                0x200009c0                __bss_end__ = _ebss

._user_heap_stack
                0x200009c0      0x400 load address 0x08002944
                0x200009c0                . = ALIGN (0x8)
                0x200009c0                PROVIDE (end, .)
                [!provide]                PROVIDE (_end, .)
                0x200009c0                . = (. + _Min_Heap_Size)
                0x20000dc0                . = (. + _Min_Stack_Size)
 *fill*         0x200009c0      0x400 
                0x20000dc0                . = ALIGN (0x8)

/DISCARD/
 libc.a(*)
 libm.a(*)
 libgcc.a(*)

.ARM.attributes
                0x00000000       0x30
 *(.ARM.attributes)
 .ARM.attributes
                0x00000000       0x22 d:/ac6/systemworkbench/plugins/fr.ac6.mcu.externaltools.arm-none.win32_1.15.0.201708311556/tools/compiler/bin/../lib/gcc/arm-none-eabi/6.3.1/thumb/v7e-m/fpv4-sp/hard/crti.o
 .ARM.attributes
                0x00000022       0x34 d:/ac6/systemworkbench/plugins/fr.ac6.mcu.externaltools.arm-none.win32_1.15.0.201708311556/tools/compiler/bin/../lib/gcc/arm-none-eabi/6.3.1/thumb/v7e-m/fpv4-sp/hard/crtbegin.o
 .ARM.attributes
                0x00000056       0x39 StdPeriph_Driver/src/misc.o
 .ARM.attributes
                0x0000008f       0x39 StdPeriph_Driver/src/stm32f4xx_gpio.o
 .ARM.attributes
                0x000000c8       0x39 StdPeriph_Driver/src/stm32f4xx_rcc.o
 .ARM.attributes
                0x00000101       0x39 StdPeriph_Driver/src/stm32f4xx_tim.o
 .ARM.attributes
                0x0000013a       0x39 StdPeriph_Driver/src/stm32f4xx_usart.o
 .ARM.attributes
                0x00000173       0x39 src/DHT11/dht11.o
 .ARM.attributes
                0x000001ac       0x39 src/TM/tm_stm32f4_delay.o
 .ARM.attributes
                0x000001e5       0x39 src/TM/tm_stm32f4_disco.o
 .ARM.attributes
                0x0000021e       0x39 src/TM/tm_stm32f4_gpio.o
 .ARM.attributes
                0x00000257       0x39 src/TM/tm_stm32f4_usart.o
 .ARM.attributes
                0x00000290       0x39 src/main.o
 .ARM.attributes
                0x000002c9       0x39 src/syscalls.o
 .ARM.attributes
                0x00000302       0x39 src/system_stm32f4xx.o
 .ARM.attributes
                0x0000033b       0x25 startup/startup_stm32.o
 .ARM.attributes
                0x00000360       0x34 d:/ac6/systemworkbench/plugins/fr.ac6.mcu.externaltools.arm-none.win32_1.15.0.201708311556/tools/compiler/bin/../lib/gcc/arm-none-eabi/6.3.1/../../../../arm-none-eabi/lib/thumb/v7e-m/fpv4-sp/hard\libc.a(lib_a-errno.o)
 .ARM.attributes
                0x00000394       0x34 d:/ac6/systemworkbench/plugins/fr.ac6.mcu.externaltools.arm-none.win32_1.15.0.201708311556/tools/compiler/bin/../lib/gcc/arm-none-eabi/6.3.1/../../../../arm-none-eabi/lib/thumb/v7e-m/fpv4-sp/hard\libc.a(lib_a-impure.o)
 .ARM.attributes
                0x000003c8       0x34 d:/ac6/systemworkbench/plugins/fr.ac6.mcu.externaltools.arm-none.win32_1.15.0.201708311556/tools/compiler/bin/../lib/gcc/arm-none-eabi/6.3.1/../../../../arm-none-eabi/lib/thumb/v7e-m/fpv4-sp/hard\libc.a(lib_a-init.o)
 .ARM.attributes
                0x000003fc       0x34 d:/ac6/systemworkbench/plugins/fr.ac6.mcu.externaltools.arm-none.win32_1.15.0.201708311556/tools/compiler/bin/../lib/gcc/arm-none-eabi/6.3.1/../../../../arm-none-eabi/lib/thumb/v7e-m/fpv4-sp/hard\libc.a(lib_a-malloc.o)
 .ARM.attributes
                0x00000430       0x34 d:/ac6/systemworkbench/plugins/fr.ac6.mcu.externaltools.arm-none.win32_1.15.0.201708311556/tools/compiler/bin/../lib/gcc/arm-none-eabi/6.3.1/../../../../arm-none-eabi/lib/thumb/v7e-m/fpv4-sp/hard\libc.a(lib_a-mallocr.o)
 .ARM.attributes
                0x00000464       0x34 d:/ac6/systemworkbench/plugins/fr.ac6.mcu.externaltools.arm-none.win32_1.15.0.201708311556/tools/compiler/bin/../lib/gcc/arm-none-eabi/6.3.1/../../../../arm-none-eabi/lib/thumb/v7e-m/fpv4-sp/hard\libc.a(lib_a-memset.o)
 .ARM.attributes
                0x00000498       0x34 d:/ac6/systemworkbench/plugins/fr.ac6.mcu.externaltools.arm-none.win32_1.15.0.201708311556/tools/compiler/bin/../lib/gcc/arm-none-eabi/6.3.1/../../../../arm-none-eabi/lib/thumb/v7e-m/fpv4-sp/hard\libc.a(lib_a-mlock.o)
 .ARM.attributes
                0x000004cc       0x34 d:/ac6/systemworkbench/plugins/fr.ac6.mcu.externaltools.arm-none.win32_1.15.0.201708311556/tools/compiler/bin/../lib/gcc/arm-none-eabi/6.3.1/../../../../arm-none-eabi/lib/thumb/v7e-m/fpv4-sp/hard\libc.a(lib_a-sbrkr.o)
 .ARM.attributes
                0x00000500       0x34 d:/ac6/systemworkbench/plugins/fr.ac6.mcu.externaltools.arm-none.win32_1.15.0.201708311556/tools/compiler/bin/../lib/gcc/arm-none-eabi/6.3.1/../../../../arm-none-eabi/lib/thumb/v7e-m/fpv4-sp/hard\libc.a(lib_a-strcat.o)
 .ARM.attributes
                0x00000534       0x34 d:/ac6/systemworkbench/plugins/fr.ac6.mcu.externaltools.arm-none.win32_1.15.0.201708311556/tools/compiler/bin/../lib/gcc/arm-none-eabi/6.3.1/../../../../arm-none-eabi/lib/thumb/v7e-m/fpv4-sp/hard\libc.a(lib_a-strcpy.o)
 .ARM.attributes
                0x00000568       0x34 d:/ac6/systemworkbench/plugins/fr.ac6.mcu.externaltools.arm-none.win32_1.15.0.201708311556/tools/compiler/bin/../lib/gcc/arm-none-eabi/6.3.1/../../../../arm-none-eabi/lib/thumb/v7e-m/fpv4-sp/hard\libc.a(lib_a-__call_atexit.o)
 .ARM.attributes
                0x0000059c       0x34 d:/ac6/systemworkbench/plugins/fr.ac6.mcu.externaltools.arm-none.win32_1.15.0.201708311556/tools/compiler/bin/../lib/gcc/arm-none-eabi/6.3.1/../../../../arm-none-eabi/lib/thumb/v7e-m/fpv4-sp/hard\libc.a(lib_a-atexit.o)
 .ARM.attributes
                0x000005d0       0x34 d:/ac6/systemworkbench/plugins/fr.ac6.mcu.externaltools.arm-none.win32_1.15.0.201708311556/tools/compiler/bin/../lib/gcc/arm-none-eabi/6.3.1/../../../../arm-none-eabi/lib/thumb/v7e-m/fpv4-sp/hard\libc.a(lib_a-fini.o)
 .ARM.attributes
                0x00000604       0x34 d:/ac6/systemworkbench/plugins/fr.ac6.mcu.externaltools.arm-none.win32_1.15.0.201708311556/tools/compiler/bin/../lib/gcc/arm-none-eabi/6.3.1/../../../../arm-none-eabi/lib/thumb/v7e-m/fpv4-sp/hard\libc.a(lib_a-freer.o)
 .ARM.attributes
                0x00000638       0x34 d:/ac6/systemworkbench/plugins/fr.ac6.mcu.externaltools.arm-none.win32_1.15.0.201708311556/tools/compiler/bin/../lib/gcc/arm-none-eabi/6.3.1/../../../../arm-none-eabi/lib/thumb/v7e-m/fpv4-sp/hard\libc.a(lib_a-lock.o)
 .ARM.attributes
                0x0000066c       0x34 d:/ac6/systemworkbench/plugins/fr.ac6.mcu.externaltools.arm-none.win32_1.15.0.201708311556/tools/compiler/bin/../lib/gcc/arm-none-eabi/6.3.1/../../../../arm-none-eabi/lib/thumb/v7e-m/fpv4-sp/hard\libc.a(lib_a-reent.o)
 .ARM.attributes
                0x000006a0       0x34 d:/ac6/systemworkbench/plugins/fr.ac6.mcu.externaltools.arm-none.win32_1.15.0.201708311556/tools/compiler/bin/../lib/gcc/arm-none-eabi/6.3.1/../../../../arm-none-eabi/lib/thumb/v7e-m/fpv4-sp/hard\libc.a(lib_a-__atexit.o)
 .ARM.attributes
                0x000006d4       0x22 d:/ac6/systemworkbench/plugins/fr.ac6.mcu.externaltools.arm-none.win32_1.15.0.201708311556/tools/compiler/bin/../lib/gcc/arm-none-eabi/6.3.1/thumb/v7e-m/fpv4-sp/hard/crtn.o
OUTPUT(projektbezduszy.elf elf32-littlearm)

.debug_info     0x00000000     0x9b77
 .debug_info    0x00000000      0x551 StdPeriph_Driver/src/misc.o
 .debug_info    0x00000551      0x62c StdPeriph_Driver/src/stm32f4xx_gpio.o
 .debug_info    0x00000b7d      0xd71 StdPeriph_Driver/src/stm32f4xx_rcc.o
 .debug_info    0x000018ee     0x1c78 StdPeriph_Driver/src/stm32f4xx_tim.o
 .debug_info    0x00003566      0x9d9 StdPeriph_Driver/src/stm32f4xx_usart.o
 .debug_info    0x00003f3f      0xfb5 src/DHT11/dht11.o
 .debug_info    0x00004ef4     0x11b8 src/TM/tm_stm32f4_delay.o
 .debug_info    0x000060ac      0x282 src/TM/tm_stm32f4_disco.o
 .debug_info    0x0000632e      0x87c src/TM/tm_stm32f4_gpio.o
 .debug_info    0x00006baa      0xdd0 src/TM/tm_stm32f4_usart.o
 .debug_info    0x0000797a      0xca0 src/main.o
 .debug_info    0x0000861a      0xf2a src/syscalls.o
 .debug_info    0x00009544      0x5c5 src/system_stm32f4xx.o
 .debug_info    0x00009b09       0x6e startup/startup_stm32.o

.debug_abbrev   0x00000000     0x19c7
 .debug_abbrev  0x00000000      0x175 StdPeriph_Driver/src/misc.o
 .debug_abbrev  0x00000175      0x1bb StdPeriph_Driver/src/stm32f4xx_gpio.o
 .debug_abbrev  0x00000330      0x1d2 StdPeriph_Driver/src/stm32f4xx_rcc.o
 .debug_abbrev  0x00000502      0x19d StdPeriph_Driver/src/stm32f4xx_tim.o
 .debug_abbrev  0x0000069f      0x185 StdPeriph_Driver/src/stm32f4xx_usart.o
 .debug_abbrev  0x00000824      0x2ab src/DHT11/dht11.o
 .debug_abbrev  0x00000acf      0x379 src/TM/tm_stm32f4_delay.o
 .debug_abbrev  0x00000e48      0x104 src/TM/tm_stm32f4_disco.o
 .debug_abbrev  0x00000f4c      0x17d src/TM/tm_stm32f4_gpio.o
 .debug_abbrev  0x000010c9      0x287 src/TM/tm_stm32f4_usart.o
 .debug_abbrev  0x00001350      0x283 src/main.o
 .debug_abbrev  0x000015d3      0x2aa src/syscalls.o
 .debug_abbrev  0x0000187d      0x138 src/system_stm32f4xx.o
 .debug_abbrev  0x000019b5       0x12 startup/startup_stm32.o

.debug_aranges  0x00000000      0x9f8
 .debug_aranges
                0x00000000       0x40 StdPeriph_Driver/src/misc.o
 .debug_aranges
                0x00000040       0x88 StdPeriph_Driver/src/stm32f4xx_gpio.o
 .debug_aranges
                0x000000c8      0x198 StdPeriph_Driver/src/stm32f4xx_rcc.o
 .debug_aranges
                0x00000260      0x2f8 StdPeriph_Driver/src/stm32f4xx_tim.o
 .debug_aranges
                0x00000558      0x100 StdPeriph_Driver/src/stm32f4xx_usart.o
 .debug_aranges
                0x00000658       0x58 src/DHT11/dht11.o
 .debug_aranges
                0x000006b0       0x80 src/TM/tm_stm32f4_delay.o
 .debug_aranges
                0x00000730       0x38 src/TM/tm_stm32f4_disco.o
 .debug_aranges
                0x00000768       0x98 src/TM/tm_stm32f4_gpio.o
 .debug_aranges
                0x00000800       0xc8 src/TM/tm_stm32f4_usart.o
 .debug_aranges
                0x000008c8       0x28 src/main.o
 .debug_aranges
                0x000008f0       0xb0 src/syscalls.o
 .debug_aranges
                0x000009a0       0x30 src/system_stm32f4xx.o
 .debug_aranges
                0x000009d0       0x28 startup/startup_stm32.o

.debug_ranges   0x00000000      0x920
 .debug_ranges  0x00000000       0x30 StdPeriph_Driver/src/misc.o
 .debug_ranges  0x00000030       0x78 StdPeriph_Driver/src/stm32f4xx_gpio.o
 .debug_ranges  0x000000a8      0x188 StdPeriph_Driver/src/stm32f4xx_rcc.o
 .debug_ranges  0x00000230      0x2e8 StdPeriph_Driver/src/stm32f4xx_tim.o
 .debug_ranges  0x00000518       0xf0 StdPeriph_Driver/src/stm32f4xx_usart.o
 .debug_ranges  0x00000608       0x48 src/DHT11/dht11.o
 .debug_ranges  0x00000650       0x70 src/TM/tm_stm32f4_delay.o
 .debug_ranges  0x000006c0       0x28 src/TM/tm_stm32f4_disco.o
 .debug_ranges  0x000006e8       0x88 src/TM/tm_stm32f4_gpio.o
 .debug_ranges  0x00000770       0xb8 src/TM/tm_stm32f4_usart.o
 .debug_ranges  0x00000828       0x18 src/main.o
 .debug_ranges  0x00000840       0xa0 src/syscalls.o
 .debug_ranges  0x000008e0       0x20 src/system_stm32f4xx.o
 .debug_ranges  0x00000900       0x20 startup/startup_stm32.o

.debug_macro    0x00000000    0x1107b
 .debug_macro   0x00000000      0x191 StdPeriph_Driver/src/misc.o
 .debug_macro   0x00000191      0x8d4 StdPeriph_Driver/src/misc.o
 .debug_macro   0x00000a65       0x65 StdPeriph_Driver/src/misc.o
 .debug_macro   0x00000aca       0x3b StdPeriph_Driver/src/misc.o
 .debug_macro   0x00000b05       0x22 StdPeriph_Driver/src/misc.o
 .debug_macro   0x00000b27       0x87 StdPeriph_Driver/src/misc.o
 .debug_macro   0x00000bae       0x51 StdPeriph_Driver/src/misc.o
 .debug_macro   0x00000bff       0xef StdPeriph_Driver/src/misc.o
 .debug_macro   0x00000cee       0x6a StdPeriph_Driver/src/misc.o
 .debug_macro   0x00000d58      0x1df StdPeriph_Driver/src/misc.o
 .debug_macro   0x00000f37       0x34 StdPeriph_Driver/src/misc.o
 .debug_macro   0x00000f6b       0x26 StdPeriph_Driver/src/misc.o
 .debug_macro   0x00000f91      0xe43 StdPeriph_Driver/src/misc.o
 .debug_macro   0x00001dd4     0x7fd9 StdPeriph_Driver/src/misc.o
 .debug_macro   0x00009dad      0x44f StdPeriph_Driver/src/misc.o
 .debug_macro   0x0000a1fc       0xb2 StdPeriph_Driver/src/misc.o
 .debug_macro   0x0000a2ae      0x477 StdPeriph_Driver/src/misc.o
 .debug_macro   0x0000a725       0xb5 StdPeriph_Driver/src/misc.o
 .debug_macro   0x0000a7da      0x41c StdPeriph_Driver/src/misc.o
 .debug_macro   0x0000abf6      0x2f4 StdPeriph_Driver/src/misc.o
 .debug_macro   0x0000aeea      0x2ba StdPeriph_Driver/src/misc.o
 .debug_macro   0x0000b1a4       0x64 StdPeriph_Driver/src/misc.o
 .debug_macro   0x0000b208       0xee StdPeriph_Driver/src/misc.o
 .debug_macro   0x0000b2f6      0x64a StdPeriph_Driver/src/misc.o
 .debug_macro   0x0000b940      0x59e StdPeriph_Driver/src/misc.o
 .debug_macro   0x0000bede      0x342 StdPeriph_Driver/src/misc.o
 .debug_macro   0x0000c220      0x36c StdPeriph_Driver/src/misc.o
 .debug_macro   0x0000c58c      0x10d StdPeriph_Driver/src/misc.o
 .debug_macro   0x0000c699      0x73b StdPeriph_Driver/src/misc.o
 .debug_macro   0x0000cdd4      0x223 StdPeriph_Driver/src/misc.o
 .debug_macro   0x0000cff7       0x34 StdPeriph_Driver/src/misc.o
 .debug_macro   0x0000d02b       0x10 StdPeriph_Driver/src/misc.o
 .debug_macro   0x0000d03b       0x35 StdPeriph_Driver/src/misc.o
 .debug_macro   0x0000d070       0x7c StdPeriph_Driver/src/misc.o
 .debug_macro   0x0000d0ec      0x18f StdPeriph_Driver/src/stm32f4xx_gpio.o
 .debug_macro   0x0000d27b      0x2ee StdPeriph_Driver/src/stm32f4xx_gpio.o
 .debug_macro   0x0000d569      0x25e StdPeriph_Driver/src/stm32f4xx_rcc.o
 .debug_macro   0x0000d7c7      0x1b9 StdPeriph_Driver/src/stm32f4xx_tim.o
 .debug_macro   0x0000d980      0x735 StdPeriph_Driver/src/stm32f4xx_tim.o
 .debug_macro   0x0000e0b5      0x1a7 StdPeriph_Driver/src/stm32f4xx_usart.o
 .debug_macro   0x0000e25c      0x21d StdPeriph_Driver/src/stm32f4xx_usart.o
 .debug_macro   0x0000e479      0x312 src/DHT11/dht11.o
 .debug_macro   0x0000e78b       0x58 src/DHT11/dht11.o
 .debug_macro   0x0000e7e3       0x35 src/DHT11/dht11.o
 .debug_macro   0x0000e818       0x9c src/DHT11/dht11.o
 .debug_macro   0x0000e8b4       0x16 src/DHT11/dht11.o
 .debug_macro   0x0000e8ca       0x97 src/DHT11/dht11.o
 .debug_macro   0x0000e961      0x330 src/DHT11/dht11.o
 .debug_macro   0x0000ec91       0xfd src/DHT11/dht11.o
 .debug_macro   0x0000ed8e       0x10 src/DHT11/dht11.o
 .debug_macro   0x0000ed9e       0x58 src/DHT11/dht11.o
 .debug_macro   0x0000edf6       0x1f src/DHT11/dht11.o
 .debug_macro   0x0000ee15       0x43 src/DHT11/dht11.o
 .debug_macro   0x0000ee58       0x20 src/DHT11/dht11.o
 .debug_macro   0x0000ee78      0x187 src/DHT11/dht11.o
 .debug_macro   0x0000efff       0x10 src/DHT11/dht11.o
 .debug_macro   0x0000f00f       0x1c src/DHT11/dht11.o
 .debug_macro   0x0000f02b       0x52 src/DHT11/dht11.o
 .debug_macro   0x0000f07d       0x40 src/DHT11/dht11.o
 .debug_macro   0x0000f0bd       0x10 src/DHT11/dht11.o
 .debug_macro   0x0000f0cd       0x40 src/DHT11/dht11.o
 .debug_macro   0x0000f10d       0xd7 src/DHT11/dht11.o
 .debug_macro   0x0000f1e4       0x16 src/DHT11/dht11.o
 .debug_macro   0x0000f1fa      0x18b src/DHT11/dht11.o
 .debug_macro   0x0000f385      0x1e1 src/DHT11/dht11.o
 .debug_macro   0x0000f566       0x10 src/DHT11/dht11.o
 .debug_macro   0x0000f576       0xa9 src/DHT11/dht11.o
 .debug_macro   0x0000f61f      0x270 src/TM/tm_stm32f4_delay.o
 .debug_macro   0x0000f88f       0x16 src/TM/tm_stm32f4_delay.o
 .debug_macro   0x0000f8a5       0x16 src/TM/tm_stm32f4_delay.o
 .debug_macro   0x0000f8bb      0x10e src/TM/tm_stm32f4_delay.o
 .debug_macro   0x0000f9c9       0x8d src/TM/tm_stm32f4_delay.o
 .debug_macro   0x0000fa56       0x16 src/TM/tm_stm32f4_delay.o
 .debug_macro   0x0000fa6c       0x29 src/TM/tm_stm32f4_delay.o
 .debug_macro   0x0000fa95       0x35 src/TM/tm_stm32f4_delay.o
 .debug_macro   0x0000faca      0x1af src/TM/tm_stm32f4_disco.o
 .debug_macro   0x0000fc79       0x82 src/TM/tm_stm32f4_disco.o
 .debug_macro   0x0000fcfb      0x19d src/TM/tm_stm32f4_gpio.o
 .debug_macro   0x0000fe98      0x1c8 src/TM/tm_stm32f4_usart.o
 .debug_macro   0x00010060      0x18c src/TM/tm_stm32f4_usart.o
 .debug_macro   0x000101ec      0x383 src/main.o
 .debug_macro   0x0001056f       0x1c src/main.o
 .debug_macro   0x0001058b      0x236 src/syscalls.o
 .debug_macro   0x000107c1       0x52 src/syscalls.o
 .debug_macro   0x00010813       0x8d src/syscalls.o
 .debug_macro   0x000108a0       0x57 src/syscalls.o
 .debug_macro   0x000108f7       0x10 src/syscalls.o
 .debug_macro   0x00010907       0x10 src/syscalls.o
 .debug_macro   0x00010917       0x10 src/syscalls.o
 .debug_macro   0x00010927       0x35 src/syscalls.o
 .debug_macro   0x0001095c      0x122 src/syscalls.o
 .debug_macro   0x00010a7e       0x10 src/syscalls.o
 .debug_macro   0x00010a8e      0x241 src/syscalls.o
 .debug_macro   0x00010ccf       0x10 src/syscalls.o
 .debug_macro   0x00010cdf      0x159 src/syscalls.o
 .debug_macro   0x00010e38       0x16 src/syscalls.o
 .debug_macro   0x00010e4e       0x88 src/syscalls.o
 .debug_macro   0x00010ed6      0x1a5 src/system_stm32f4xx.o

.debug_line     0x00000000     0x6630
 .debug_line    0x00000000      0x5e2 StdPeriph_Driver/src/misc.o
 .debug_line    0x000005e2      0x70a StdPeriph_Driver/src/stm32f4xx_gpio.o
 .debug_line    0x00000cec      0x994 StdPeriph_Driver/src/stm32f4xx_rcc.o
 .debug_line    0x00001680      0xe5c StdPeriph_Driver/src/stm32f4xx_tim.o
 .debug_line    0x000024dc      0x850 StdPeriph_Driver/src/stm32f4xx_usart.o
 .debug_line    0x00002d2c      0x7c8 src/DHT11/dht11.o
 .debug_line    0x000034f4      0x7dc src/TM/tm_stm32f4_delay.o
 .debug_line    0x00003cd0      0x5fe src/TM/tm_stm32f4_disco.o
 .debug_line    0x000042ce      0x767 src/TM/tm_stm32f4_gpio.o
 .debug_line    0x00004a35      0x83d src/TM/tm_stm32f4_usart.o
 .debug_line    0x00005272      0x796 src/main.o
 .debug_line    0x00005a08      0x5d4 src/syscalls.o
 .debug_line    0x00005fdc      0x5db src/system_stm32f4xx.o
 .debug_line    0x000065b7       0x79 startup/startup_stm32.o

.debug_str      0x00000000    0x5c392
 .debug_str     0x00000000    0x528e0 StdPeriph_Driver/src/misc.o
                              0x52a82 (size before relaxing)
 .debug_str     0x000528e0      0x244 StdPeriph_Driver/src/stm32f4xx_gpio.o
                              0x52b2a (size before relaxing)
 .debug_str     0x00052b24      0xcbe StdPeriph_Driver/src/stm32f4xx_rcc.o
                              0x53589 (size before relaxing)
 .debug_str     0x000537e2      0xc2f StdPeriph_Driver/src/stm32f4xx_tim.o
                              0x53521 (size before relaxing)
 .debug_str     0x00054411      0x52f StdPeriph_Driver/src/stm32f4xx_usart.o
                              0x52e3d (size before relaxing)
 .debug_str     0x00054940     0x4e9a src/DHT11/dht11.o
                              0x57ae9 (size before relaxing)
 .debug_str     0x000597da      0x7a5 src/TM/tm_stm32f4_delay.o
                              0x55fd0 (size before relaxing)
 .debug_str     0x00059f7f      0x400 src/TM/tm_stm32f4_disco.o
                              0x531c2 (size before relaxing)
 .debug_str     0x0005a37f      0x1c4 src/TM/tm_stm32f4_gpio.o
                              0x530f1 (size before relaxing)
 .debug_str     0x0005a543      0xcae src/TM/tm_stm32f4_usart.o
                              0x540f4 (size before relaxing)
 .debug_str     0x0005b1f1       0x41 src/main.o
                              0x586e9 (size before relaxing)
 .debug_str     0x0005b232     0x10b2 src/syscalls.o
                               0x7d69 (size before relaxing)
 .debug_str     0x0005c2e4       0xae src/system_stm32f4xx.o
                              0x52a4a (size before relaxing)

.comment        0x00000000       0x7f
 .comment       0x00000000       0x7f StdPeriph_Driver/src/misc.o
                                 0x80 (size before relaxing)
 .comment       0x0000007f       0x80 StdPeriph_Driver/src/stm32f4xx_gpio.o
 .comment       0x0000007f       0x80 StdPeriph_Driver/src/stm32f4xx_rcc.o
 .comment       0x0000007f       0x80 StdPeriph_Driver/src/stm32f4xx_tim.o
 .comment       0x0000007f       0x80 StdPeriph_Driver/src/stm32f4xx_usart.o
 .comment       0x0000007f       0x80 src/DHT11/dht11.o
 .comment       0x0000007f       0x80 src/TM/tm_stm32f4_delay.o
 .comment       0x0000007f       0x80 src/TM/tm_stm32f4_disco.o
 .comment       0x0000007f       0x80 src/TM/tm_stm32f4_gpio.o
 .comment       0x0000007f       0x80 src/TM/tm_stm32f4_usart.o
 .comment       0x0000007f       0x80 src/main.o
 .comment       0x0000007f       0x80 src/syscalls.o
 .comment       0x0000007f       0x80 src/system_stm32f4xx.o

.debug_frame    0x00000000     0x2e6c
 .debug_frame   0x00000000       0xd8 StdPeriph_Driver/src/misc.o
 .debug_frame   0x000000d8      0x23c StdPeriph_Driver/src/stm32f4xx_gpio.o
 .debug_frame   0x00000314      0x774 StdPeriph_Driver/src/stm32f4xx_rcc.o
 .debug_frame   0x00000a88      0xe54 StdPeriph_Driver/src/stm32f4xx_tim.o
 .debug_frame   0x000018dc      0x490 StdPeriph_Driver/src/stm32f4xx_usart.o
 .debug_frame   0x00001d6c      0x138 src/DHT11/dht11.o
 .debug_frame   0x00001ea4      0x1ec src/TM/tm_stm32f4_delay.o
 .debug_frame   0x00002090       0x98 src/TM/tm_stm32f4_disco.o
 .debug_frame   0x00002128      0x274 src/TM/tm_stm32f4_gpio.o
 .debug_frame   0x0000239c      0x328 src/TM/tm_stm32f4_usart.o
 .debug_frame   0x000026c4       0x54 src/main.o
 .debug_frame   0x00002718      0x2d4 src/syscalls.o
 .debug_frame   0x000029ec       0x74 src/system_stm32f4xx.o
 .debug_frame   0x00002a60       0x20 d:/ac6/systemworkbench/plugins/fr.ac6.mcu.externaltools.arm-none.win32_1.15.0.201708311556/tools/compiler/bin/../lib/gcc/arm-none-eabi/6.3.1/../../../../arm-none-eabi/lib/thumb/v7e-m/fpv4-sp/hard\libc.a(lib_a-errno.o)
 .debug_frame   0x00002a80       0x2c d:/ac6/systemworkbench/plugins/fr.ac6.mcu.externaltools.arm-none.win32_1.15.0.201708311556/tools/compiler/bin/../lib/gcc/arm-none-eabi/6.3.1/../../../../arm-none-eabi/lib/thumb/v7e-m/fpv4-sp/hard\libc.a(lib_a-init.o)
 .debug_frame   0x00002aac       0x30 d:/ac6/systemworkbench/plugins/fr.ac6.mcu.externaltools.arm-none.win32_1.15.0.201708311556/tools/compiler/bin/../lib/gcc/arm-none-eabi/6.3.1/../../../../arm-none-eabi/lib/thumb/v7e-m/fpv4-sp/hard\libc.a(lib_a-malloc.o)
 .debug_frame   0x00002adc       0x58 d:/ac6/systemworkbench/plugins/fr.ac6.mcu.externaltools.arm-none.win32_1.15.0.201708311556/tools/compiler/bin/../lib/gcc/arm-none-eabi/6.3.1/../../../../arm-none-eabi/lib/thumb/v7e-m/fpv4-sp/hard\libc.a(lib_a-mallocr.o)
 .debug_frame   0x00002b34       0x34 d:/ac6/systemworkbench/plugins/fr.ac6.mcu.externaltools.arm-none.win32_1.15.0.201708311556/tools/compiler/bin/../lib/gcc/arm-none-eabi/6.3.1/../../../../arm-none-eabi/lib/thumb/v7e-m/fpv4-sp/hard\libc.a(lib_a-memset.o)
 .debug_frame   0x00002b68       0x30 d:/ac6/systemworkbench/plugins/fr.ac6.mcu.externaltools.arm-none.win32_1.15.0.201708311556/tools/compiler/bin/../lib/gcc/arm-none-eabi/6.3.1/../../../../arm-none-eabi/lib/thumb/v7e-m/fpv4-sp/hard\libc.a(lib_a-mlock.o)
 .debug_frame   0x00002b98       0x2c d:/ac6/systemworkbench/plugins/fr.ac6.mcu.externaltools.arm-none.win32_1.15.0.201708311556/tools/compiler/bin/../lib/gcc/arm-none-eabi/6.3.1/../../../../arm-none-eabi/lib/thumb/v7e-m/fpv4-sp/hard\libc.a(lib_a-sbrkr.o)
 .debug_frame   0x00002bc4       0x28 d:/ac6/systemworkbench/plugins/fr.ac6.mcu.externaltools.arm-none.win32_1.15.0.201708311556/tools/compiler/bin/../lib/gcc/arm-none-eabi/6.3.1/../../../../arm-none-eabi/lib/thumb/v7e-m/fpv4-sp/hard\libc.a(lib_a-strcat.o)
 .debug_frame   0x00002bec       0x20 d:/ac6/systemworkbench/plugins/fr.ac6.mcu.externaltools.arm-none.win32_1.15.0.201708311556/tools/compiler/bin/../lib/gcc/arm-none-eabi/6.3.1/../../../../arm-none-eabi/lib/thumb/v7e-m/fpv4-sp/hard\libc.a(lib_a-strcpy.o)
 .debug_frame   0x00002c0c       0x5c d:/ac6/systemworkbench/plugins/fr.ac6.mcu.externaltools.arm-none.win32_1.15.0.201708311556/tools/compiler/bin/../lib/gcc/arm-none-eabi/6.3.1/../../../../arm-none-eabi/lib/thumb/v7e-m/fpv4-sp/hard\libc.a(lib_a-__call_atexit.o)
 .debug_frame   0x00002c68       0x20 d:/ac6/systemworkbench/plugins/fr.ac6.mcu.externaltools.arm-none.win32_1.15.0.201708311556/tools/compiler/bin/../lib/gcc/arm-none-eabi/6.3.1/../../../../arm-none-eabi/lib/thumb/v7e-m/fpv4-sp/hard\libc.a(lib_a-atexit.o)
 .debug_frame   0x00002c88       0x34 d:/ac6/systemworkbench/plugins/fr.ac6.mcu.externaltools.arm-none.win32_1.15.0.201708311556/tools/compiler/bin/../lib/gcc/arm-none-eabi/6.3.1/../../../../arm-none-eabi/lib/thumb/v7e-m/fpv4-sp/hard\libc.a(lib_a-fini.o)
 .debug_frame   0x00002cbc       0x74 d:/ac6/systemworkbench/plugins/fr.ac6.mcu.externaltools.arm-none.win32_1.15.0.201708311556/tools/compiler/bin/../lib/gcc/arm-none-eabi/6.3.1/../../../../arm-none-eabi/lib/thumb/v7e-m/fpv4-sp/hard\libc.a(lib_a-freer.o)
 .debug_frame   0x00002d30       0xb0 d:/ac6/systemworkbench/plugins/fr.ac6.mcu.externaltools.arm-none.win32_1.15.0.201708311556/tools/compiler/bin/../lib/gcc/arm-none-eabi/6.3.1/../../../../arm-none-eabi/lib/thumb/v7e-m/fpv4-sp/hard\libc.a(lib_a-lock.o)
 .debug_frame   0x00002de0       0x58 d:/ac6/systemworkbench/plugins/fr.ac6.mcu.externaltools.arm-none.win32_1.15.0.201708311556/tools/compiler/bin/../lib/gcc/arm-none-eabi/6.3.1/../../../../arm-none-eabi/lib/thumb/v7e-m/fpv4-sp/hard\libc.a(lib_a-reent.o)
 .debug_frame   0x00002e38       0x34 d:/ac6/systemworkbench/plugins/fr.ac6.mcu.externaltools.arm-none.win32_1.15.0.201708311556/tools/compiler/bin/../lib/gcc/arm-none-eabi/6.3.1/../../../../arm-none-eabi/lib/thumb/v7e-m/fpv4-sp/hard\libc.a(lib_a-__atexit.o)
