Archive member included to satisfy reference by file (symbol)

d:/ac6/systemworkbench/plugins/fr.ac6.mcu.externaltools.arm-none.win32_1.15.0.201708311556/tools/compiler/bin/../lib/gcc/arm-none-eabi/6.3.1/../../../../arm-none-eabi/lib/thumb/v7e-m/fpv4-sp/hard\libm.a(lib_a-w_log.o)
                              src/DHT11/dht11.o (log)
d:/ac6/systemworkbench/plugins/fr.ac6.mcu.externaltools.arm-none.win32_1.15.0.201708311556/tools/compiler/bin/../lib/gcc/arm-none-eabi/6.3.1/../../../../arm-none-eabi/lib/thumb/v7e-m/fpv4-sp/hard\libm.a(lib_a-e_log.o)
                              d:/ac6/systemworkbench/plugins/fr.ac6.mcu.externaltools.arm-none.win32_1.15.0.201708311556/tools/compiler/bin/../lib/gcc/arm-none-eabi/6.3.1/../../../../arm-none-eabi/lib/thumb/v7e-m/fpv4-sp/hard\libm.a(lib_a-w_log.o) (__ieee754_log)
d:/ac6/systemworkbench/plugins/fr.ac6.mcu.externaltools.arm-none.win32_1.15.0.201708311556/tools/compiler/bin/../lib/gcc/arm-none-eabi/6.3.1/../../../../arm-none-eabi/lib/thumb/v7e-m/fpv4-sp/hard\libm.a(lib_a-s_lib_ver.o)
                              d:/ac6/systemworkbench/plugins/fr.ac6.mcu.externaltools.arm-none.win32_1.15.0.201708311556/tools/compiler/bin/../lib/gcc/arm-none-eabi/6.3.1/../../../../arm-none-eabi/lib/thumb/v7e-m/fpv4-sp/hard\libm.a(lib_a-w_log.o) (__fdlib_version)
d:/ac6/systemworkbench/plugins/fr.ac6.mcu.externaltools.arm-none.win32_1.15.0.201708311556/tools/compiler/bin/../lib/gcc/arm-none-eabi/6.3.1/../../../../arm-none-eabi/lib/thumb/v7e-m/fpv4-sp/hard\libm.a(lib_a-s_matherr.o)
                              d:/ac6/systemworkbench/plugins/fr.ac6.mcu.externaltools.arm-none.win32_1.15.0.201708311556/tools/compiler/bin/../lib/gcc/arm-none-eabi/6.3.1/../../../../arm-none-eabi/lib/thumb/v7e-m/fpv4-sp/hard\libm.a(lib_a-w_log.o) (matherr)
d:/ac6/systemworkbench/plugins/fr.ac6.mcu.externaltools.arm-none.win32_1.15.0.201708311556/tools/compiler/bin/../lib/gcc/arm-none-eabi/6.3.1/../../../../arm-none-eabi/lib/thumb/v7e-m/fpv4-sp/hard\libm.a(lib_a-s_nan.o)
                              d:/ac6/systemworkbench/plugins/fr.ac6.mcu.externaltools.arm-none.win32_1.15.0.201708311556/tools/compiler/bin/../lib/gcc/arm-none-eabi/6.3.1/../../../../arm-none-eabi/lib/thumb/v7e-m/fpv4-sp/hard\libm.a(lib_a-w_log.o) (nan)
d:/ac6/systemworkbench/plugins/fr.ac6.mcu.externaltools.arm-none.win32_1.15.0.201708311556/tools/compiler/bin/../lib/gcc/arm-none-eabi/6.3.1/thumb/v7e-m/fpv4-sp/hard\libgcc.a(_arm_addsubdf3.o)
                              src/DHT11/dht11.o (__aeabi_dsub)
d:/ac6/systemworkbench/plugins/fr.ac6.mcu.externaltools.arm-none.win32_1.15.0.201708311556/tools/compiler/bin/../lib/gcc/arm-none-eabi/6.3.1/thumb/v7e-m/fpv4-sp/hard\libgcc.a(_arm_muldivdf3.o)
                              src/DHT11/dht11.o (__aeabi_dmul)
d:/ac6/systemworkbench/plugins/fr.ac6.mcu.externaltools.arm-none.win32_1.15.0.201708311556/tools/compiler/bin/../lib/gcc/arm-none-eabi/6.3.1/thumb/v7e-m/fpv4-sp/hard\libgcc.a(_arm_cmpdf2.o)
                              d:/ac6/systemworkbench/plugins/fr.ac6.mcu.externaltools.arm-none.win32_1.15.0.201708311556/tools/compiler/bin/../lib/gcc/arm-none-eabi/6.3.1/../../../../arm-none-eabi/lib/thumb/v7e-m/fpv4-sp/hard\libm.a(lib_a-w_log.o) (__aeabi_dcmpeq)
d:/ac6/systemworkbench/plugins/fr.ac6.mcu.externaltools.arm-none.win32_1.15.0.201708311556/tools/compiler/bin/../lib/gcc/arm-none-eabi/6.3.1/thumb/v7e-m/fpv4-sp/hard\libgcc.a(_arm_unorddf2.o)
                              d:/ac6/systemworkbench/plugins/fr.ac6.mcu.externaltools.arm-none.win32_1.15.0.201708311556/tools/compiler/bin/../lib/gcc/arm-none-eabi/6.3.1/../../../../arm-none-eabi/lib/thumb/v7e-m/fpv4-sp/hard\libm.a(lib_a-w_log.o) (__aeabi_dcmpun)
d:/ac6/systemworkbench/plugins/fr.ac6.mcu.externaltools.arm-none.win32_1.15.0.201708311556/tools/compiler/bin/../lib/gcc/arm-none-eabi/6.3.1/thumb/v7e-m/fpv4-sp/hard\libgcc.a(_arm_truncdfsf2.o)
                              src/DHT11/dht11.o (__aeabi_d2f)
d:/ac6/systemworkbench/plugins/fr.ac6.mcu.externaltools.arm-none.win32_1.15.0.201708311556/tools/compiler/bin/../lib/gcc/arm-none-eabi/6.3.1/../../../../arm-none-eabi/lib/thumb/v7e-m/fpv4-sp/hard\libc.a(lib_a-errno.o)
                              src/syscalls.o (__errno)
d:/ac6/systemworkbench/plugins/fr.ac6.mcu.externaltools.arm-none.win32_1.15.0.201708311556/tools/compiler/bin/../lib/gcc/arm-none-eabi/6.3.1/../../../../arm-none-eabi/lib/thumb/v7e-m/fpv4-sp/hard\libc.a(lib_a-exit.o)
                              d:/ac6/systemworkbench/plugins/fr.ac6.mcu.externaltools.arm-none.win32_1.15.0.201708311556/tools/compiler/bin/../lib/gcc/arm-none-eabi/6.3.1/../../../../arm-none-eabi/lib/thumb/v7e-m/fpv4-sp/hard/crt0.o (exit)
d:/ac6/systemworkbench/plugins/fr.ac6.mcu.externaltools.arm-none.win32_1.15.0.201708311556/tools/compiler/bin/../lib/gcc/arm-none-eabi/6.3.1/../../../../arm-none-eabi/lib/thumb/v7e-m/fpv4-sp/hard\libc.a(lib_a-impure.o)
[...]
Memory Configuration

Name             Origin             Length             Attributes
RAM              0x20000000         0x00020000         xrw
ROM              0x08000000         0x00080000         xr
*default*        0x00000000         0xffffffff

Linker script and memory map

LOAD d:/ac6/systemworkbench/plugins/fr.ac6.mcu.externaltools.arm-none.win32_1.15.0.201708311556/tools/compiler/bin/../lib/gcc/arm-none-eabi/6.3.1/thumb/v7e-m/fpv4-sp/hard/crti.o
LOAD d:/ac6/systemworkbench/plugins/fr.ac6.mcu.externaltools.arm-none.win32_1.15.0.201708311556/tools/compiler/bin/../lib/gcc/arm-none-eabi/6.3.1/thumb/v7e-m/fpv4-sp/hard/crtbegin.o
LOAD d:/ac6/systemworkbench/plugins/fr.ac6.mcu.externaltools.arm-none.win32_1.15.0.201708311556/tools/compiler/bin/../lib/gcc/arm-none-eabi/6.3.1/../../../../arm-none-eabi/lib/thumb/v7e-m/fpv4-sp/hard/crt0.o
LOAD StdPeriph_Driver/src/misc.o
LOAD StdPeriph_Driver/src/stm32f4xx_adc.o
LOAD StdPeriph_Driver/src/stm32f4xx_can.o
LOAD StdPeriph_Driver/src/stm32f4xx_cec.o
LOAD StdPeriph_Driver/src/stm32f4xx_crc.o
LOAD StdPeriph_Driver/src/stm32f4xx_cryp.o
LOAD StdPeriph_Driver/src/stm32f4xx_cryp_aes.o
LOAD StdPeriph_Driver/src/stm32f4xx_cryp_des.o
LOAD StdPeriph_Driver/src/stm32f4xx_cryp_tdes.o
LOAD StdPeriph_Driver/src/stm32f4xx_dac.o
LOAD StdPeriph_Driver/src/stm32f4xx_dbgmcu.o
LOAD StdPeriph_Driver/src/stm32f4xx_dcmi.o
LOAD StdPeriph_Driver/src/stm32f4xx_dfsdm.o
LOAD StdPeriph_Driver/src/stm32f4xx_dma.o
LOAD StdPeriph_Driver/src/stm32f4xx_dma2d.o
LOAD StdPeriph_Driver/src/stm32f4xx_dsi.o
LOAD StdPeriph_Driver/src/stm32f4xx_exti.o
LOAD StdPeriph_Driver/src/stm32f4xx_flash.o
LOAD StdPeriph_Driver/src/stm32f4xx_flash_ramfunc.o
LOAD StdPeriph_Driver/src/stm32f4xx_fmc.o
LOAD StdPeriph_Driver/src/stm32f4xx_fmip2c.o
LOAD StdPeriph_Driver/src/stm32f4xx_fsmc.o
LOAD StdPeriph_Driver/src/stm32f4xx_gpio.o
LOAD StdPeriph_Driver/src/stm32f4xx_hash.o
LOAD StdPeriph_Driver/src/stm32f4xx_hash_md5.o
LOAD StdPeriph_Driver/src/stm32f4xx_hash_sha1.o
LOAD StdPeriph_Driver/src/stm32f4xx_i2c.o
LOAD StdPeriph_Driver/src/stm32f4xx_iwdg.o
LOAD StdPeriph_Driver/src/stm32f4xx_lptim.o
LOAD StdPeriph_Driver/src/stm32f4xx_ltdc.o
LOAD StdPeriph_Driver/src/stm32f4xx_pwr.o
LOAD StdPeriph_Driver/src/stm32f4xx_qspi.o
LOAD StdPeriph_Driver/src/stm32f4xx_rcc.o
LOAD StdPeriph_Driver/src/stm32f4xx_rng.o
LOAD StdPeriph_Driver/src/stm32f4xx_rtc.o
LOAD StdPeriph_Driver/src/stm32f4xx_sai.o
LOAD StdPeriph_Driver/src/stm32f4xx_sdio.o
LOAD StdPeriph_Driver/src/stm32f4xx_spdifrx.o
LOAD StdPeriph_Driver/src/stm32f4xx_spi.o
LOAD StdPeriph_Driver/src/stm32f4xx_syscfg.o
LOAD StdPeriph_Driver/src/stm32f4xx_tim.o
LOAD StdPeriph_Driver/src/stm32f4xx_usart.o
LOAD StdPeriph_Driver/src/stm32f4xx_wwdg.o
LOAD src/DHT11/dht11.o
LOAD src/TM/tm_stm32f4_am2301.o
LOAD src/TM/tm_stm32f4_delay.o
LOAD src/TM/tm_stm32f4_disco.o
LOAD src/TM/tm_stm32f4_gpio.o
LOAD src/TM/tm_stm32f4_onewire.o
LOAD src/TM/tm_stm32f4_rcc.o
LOAD src/TM/tm_stm32f4_usart.o
LOAD src/main.o
LOAD src/syscalls.o
LOAD src/system_stm32f4xx.o
LOAD startup/startup_stm32.o
LOAD d:/ac6/systemworkbench/plugins/fr.ac6.mcu.externaltools.arm-none.win32_1.15.0.201708311556/tools/compiler/bin/../lib/gcc/arm-none-eabi/6.3.1/../../../../arm-none-eabi/lib/thumb/v7e-m/fpv4-sp/hard\libm.a
START GROUP
LOAD d:/ac6/systemworkbench/plugins/fr.ac6.mcu.externaltools.arm-none.win32_1.15.0.201708311556/tools/compiler/bin/../lib/gcc/arm-none-eabi/6.3.1/thumb/v7e-m/fpv4-sp/hard\libgcc.a
LOAD d:/ac6/systemworkbench/plugins/fr.ac6.mcu.externaltools.arm-none.win32_1.15.0.201708311556/tools/compiler/bin/../lib/gcc/arm-none-eabi/6.3.1/../../../../arm-none-eabi/lib/thumb/v7e-m/fpv4-sp/hard\libc.a
END GROUP
LOAD d:/ac6/systemworkbench/plugins/fr.ac6.mcu.externaltools.arm-none.win32_1.15.0.201708311556/tools/compiler/bin/../lib/gcc/arm-none-eabi/6.3.1/thumb/v7e-m/fpv4-sp/hard/crtend.o
LOAD d:/ac6/systemworkbench/plugins/fr.ac6.mcu.externaltools.arm-none.win32_1.15.0.201708311556/tools/compiler/bin/../lib/gcc/arm-none-eabi/6.3.1/thumb/v7e-m/fpv4-sp/hard/crtn.o
                0x20020000                _estack = 0x20020000
                0x00000000                _Min_Heap_Size = 0x0
                0x00000400                _Min_Stack_Size = 0x400

.isr_vector     0x08000000      0x188
                0x08000000                . = ALIGN (0x4)
 *(.isr_vector)
 .isr_vector    0x08000000      0x188 startup/startup_stm32.o
                0x08000000                g_pfnVectors
                0x08000188                . = ALIGN (0x4)

.text           0x080001c0     0x602c
                0x080001c0                . = ALIGN (0x4)
 *(.text)
 .text          0x080001c0       0x6c d:/ac6/systemworkbench/plugins/fr.ac6.mcu.externaltools.arm-none.win32_1.15.0.201708311556/tools/compiler/bin/../lib/gcc/arm-none-eabi/6.3.1/thumb/v7e-m/fpv4-sp/hard/crtbegin.o
 .text          0x0800022c      0x370 d:/ac6/systemworkbench/plugins/fr.ac6.mcu.externaltools.arm-none.win32_1.15.0.201708311556/tools/compiler/bin/../lib/gcc/arm-none-eabi/6.3.1/thumb/v7e-m/fpv4-sp/hard\libgcc.a(_arm_addsubdf3.o)
                0x0800022c                __aeabi_drsub
                0x08000234                __aeabi_dsub
                0x08000234                __subdf3
                0x08000238                __aeabi_dadd
                0x08000238                __adddf3
                0x080004b0                __floatunsidf
                0x080004b0                __aeabi_ui2d
                0x080004d0                __floatsidf
                0x080004d0                __aeabi_i2d
                0x080004f4                __aeabi_f2d
                0x080004f4                __extendsfdf2
                0x08000530                __floatundidf
                0x08000530                __aeabi_ul2d
                0x08000540                __floatdidf
                0x08000540                __aeabi_l2d
 .text          0x0800059c      0x424 d:/ac6/systemworkbench/plugins/fr.ac6.mcu.externaltools.arm-none.win32_1.15.0.201708311556/tools/compiler/bin/../lib/gcc/arm-none-eabi/6.3.1/thumb/v7e-m/fpv4-sp/hard\libgcc.a(_arm_muldivdf3.o)
                0x0800059c                __aeabi_dmul
                0x0800059c                __muldf3
                0x080007f0                __divdf3
                0x080007f0                __aeabi_ddiv
 .text          0x080009c0      0x110 d:/ac6/systemworkbench/plugins/fr.ac6.mcu.externaltools.arm-none.win32_1.15.0.201708311556/tools/compiler/bin/../lib/gcc/arm-none-eabi/6.3.1/thumb/v7e-m/fpv4-sp/hard\libgcc.a(_arm_cmpdf2.o)
                0x080009c0                __gtdf2
                0x080009c0                __gedf2
                0x080009c8                __ltdf2
                0x080009c8                __ledf2
                0x080009d0                __nedf2
                0x080009d0                __eqdf2
                0x080009d0                __cmpdf2
                0x08000a4c                __aeabi_cdrcmple
                0x08000a5c                __aeabi_cdcmpeq
                0x08000a5c                __aeabi_cdcmple
                0x08000a6c                __aeabi_dcmpeq
                0x08000a80                __aeabi_dcmplt
                0x08000a94                __aeabi_dcmple
                0x08000aa8                __aeabi_dcmpge
                0x08000abc                __aeabi_dcmpgt
 .text          0x08000ad0       0x2c d:/ac6/systemworkbench/plugins/fr.ac6.mcu.externaltools.arm-none.win32_1.15.0.201708311556/tools/compiler/bin/../lib/gcc/arm-none-eabi/6.3.1/thumb/v7e-m/fpv4-sp/hard\libgcc.a(_arm_unorddf2.o)
                0x08000ad0                __unorddf2
                0x08000ad0                __aeabi_dcmpun
 *fill*         0x08000afc        0x4 
 .text          0x08000b00       0xa0 d:/ac6/systemworkbench/plugins/fr.ac6.mcu.externaltools.arm-none.win32_1.15.0.201708311556/tools/compiler/bin/../lib/gcc/arm-none-eabi/6.3.1/../../../../arm-none-eabi/lib/thumb/v7e-m/fpv4-sp/hard\libc.a(lib_a-memchr.o)
                0x08000b00                memchr
 .text          0x08000ba0      0x134 d:/ac6/systemworkbench/plugins/fr.ac6.mcu.externaltools.arm-none.win32_1.15.0.201708311556/tools/compiler/bin/../lib/gcc/arm-none-eabi/6.3.1/../../../../arm-none-eabi/lib/thumb/v7e-m/fpv4-sp/hard\libc.a(lib_a-memcpy.o)
                0x08000ba0                memcpy
 *fill*         0x08000cd4       0x2c 
 .text          0x08000d00       0xdc d:/ac6/systemworkbench/plugins/fr.ac6.mcu.externaltools.arm-none.win32_1.15.0.201708311556/tools/compiler/bin/../lib/gcc/arm-none-eabi/6.3.1/../../../../arm-none-eabi/lib/thumb/v7e-m/fpv4-sp/hard\libc.a(lib_a-strlen.o)
                0x08000d00                strlen
 .text          0x08000ddc       0x50 d:/ac6/systemworkbench/plugins/fr.ac6.mcu.externaltools.arm-none.win32_1.15.0.201708311556/tools/compiler/bin/../lib/gcc/arm-none-eabi/6.3.1/thumb/v7e-m/fpv4-sp/hard\libgcc.a(_arm_fixdfsi.o)
                0x08000ddc                __aeabi_d2iz
                0x08000ddc                __fixdfsi
 .text          0x08000e2c       0x30 d:/ac6/systemworkbench/plugins/fr.ac6.mcu.externaltools.arm-none.win32_1.15.0.201708311556/tools/compiler/bin/../lib/gcc/arm-none-eabi/6.3.1/thumb/v7e-m/fpv4-sp/hard\libgcc.a(_aeabi_uldivmod.o)
                0x08000e2c                __aeabi_uldivmod
 .text          0x08000e5c      0x2dc d:/ac6/systemworkbench/plugins/fr.ac6.mcu.externaltools.arm-none.win32_1.15.0.201708311556/tools/compiler/bin/../lib/gcc/arm-none-eabi/6.3.1/thumb/v7e-m/fpv4-sp/hard\libgcc.a(_udivmoddi4.o)
                0x08000e5c                __udivmoddi4
 .text          0x08001138        0x4 d:/ac6/systemworkbench/plugins/fr.ac6.mcu.externaltools.arm-none.win32_1.15.0.201708311556/tools/compiler/bin/../lib/gcc/arm-none-eabi/6.3.1/thumb/v7e-m/fpv4-sp/hard\libgcc.a(_dvmd_tls.o)
                0x08001138                __aeabi_idiv0
                0x08001138                __aeabi_ldiv0
 *(.text*)
 .text.NVIC_Init
                0x0800113c       0xc4 StdPeriph_Driver/src/misc.o
                0x0800113c                NVIC_Init
 .text.GPIO_ReadInputDataBit
                0x08001200       0x34 StdPeriph_Driver/src/stm32f4xx_gpio.o
                0x08001200                GPIO_ReadInputDataBit
 .text.GPIO_SetBits
                0x08001234       0x1e StdPeriph_Driver/src/stm32f4xx_gpio.o
                0x08001234                GPIO_SetBits
 .text.GPIO_ResetBits
                0x08001252       0x1e StdPeriph_Driver/src/stm32f4xx_gpio.o
                0x08001252                GPIO_ResetBits
 .text.RCC_GetClocksFreq
                0x08001270      0x150 StdPeriph_Driver/src/stm32f4xx_rcc.o
                0x08001270                RCC_GetClocksFreq
 .text.RCC_AHB1PeriphClockCmd
                0x080013c0       0x40 StdPeriph_Driver/src/stm32f4xx_rcc.o
                0x080013c0                RCC_AHB1PeriphClockCmd
 .text.RCC_APB1PeriphClockCmd
                0x08001400       0x40 StdPeriph_Driver/src/stm32f4xx_rcc.o
                0x08001400                RCC_APB1PeriphClockCmd
 .text.RCC_APB1PeriphResetCmd
                0x08001440       0x40 StdPeriph_Driver/src/stm32f4xx_rcc.o
                0x08001440                RCC_APB1PeriphResetCmd
 .text.RCC_APB2PeriphResetCmd
                0x08001480       0x40 StdPeriph_Driver/src/stm32f4xx_rcc.o
                0x08001480                RCC_APB2PeriphResetCmd
 .text.TIM_TimeBaseInit
                0x080014c0       0xd8 StdPeriph_Driver/src/stm32f4xx_tim.o
                0x080014c0                TIM_TimeBaseInit
 .text.TIM_SetCounter
                0x08001598       0x1c StdPeriph_Driver/src/stm32f4xx_tim.o
                0x08001598                TIM_SetCounter
 .text.TIM_GetCounter
                0x080015b4       0x18 StdPeriph_Driver/src/stm32f4xx_tim.o
                0x080015b4                TIM_GetCounter
 .text.TIM_Cmd  0x080015cc       0x40 StdPeriph_Driver/src/stm32f4xx_tim.o
                0x080015cc                TIM_Cmd
 .text.USART_DeInit
                0x0800160c      0x118 StdPeriph_Driver/src/stm32f4xx_usart.o
                0x0800160c                USART_DeInit
 .text.USART_Init
                0x08001724      0x174 StdPeriph_Driver/src/stm32f4xx_usart.o
                0x08001724                USART_Init
 .text.DHT11initTIM2
                0x08001898       0x44 src/DHT11/dht11.o
                0x08001898                DHT11initTIM2
 .text.DHT11initGPIOasOutput
                0x080018dc       0x2c src/DHT11/dht11.o
                0x080018dc                DHT11initGPIOasOutput
 .text.DHT11initGPIOasInput
                0x08001908       0x2c src/DHT11/dht11.o
                0x08001908                DHT11initGPIOasInput
 .text.DHT11_delay_us
                0x08001934       0x2a src/DHT11/dht11.o
                0x08001934                DHT11_delay_us
 *fill*         0x0800195e        0x2 
 .text.DHT11Read
                0x08001960      0x140 src/DHT11/dht11.o
                0x08001960                DHT11Read
 .text.SysTick_Handler
                0x08001aa0       0xf0 src/TM/tm_stm32f4_delay.o
                0x08001aa0                SysTick_Handler
 .text.TM_DISCO_LedInit
                0x08001b90       0x30 src/TM/tm_stm32f4_disco.o
                0x08001b90                TM_DISCO_LedInit
 .text.TM_GPIO_Init
                0x08001bc0       0x46 src/TM/tm_stm32f4_gpio.o
                0x08001bc0                TM_GPIO_Init
 .text.TM_GPIO_InitAlternate
                0x08001c06       0xa6 src/TM/tm_stm32f4_gpio.o
                0x08001c06                TM_GPIO_InitAlternate
 .text.TM_GPIO_GetPortSource
                0x08001cac       0x22 src/TM/tm_stm32f4_gpio.o
                0x08001cac                TM_GPIO_GetPortSource
 *fill*         0x08001cce        0x2 
 .text.TM_GPIO_INT_EnableClock
                0x08001cd0       0x30 src/TM/tm_stm32f4_gpio.o
                0x08001cd0                TM_GPIO_INT_EnableClock
 .text.TM_GPIO_INT_Init
                0x08001d00      0x10c src/TM/tm_stm32f4_gpio.o
                0x08001d00                TM_GPIO_INT_Init
 .text.TM_USART_Init
                0x08001e0c       0x90 src/TM/tm_stm32f4_usart.o
                0x08001e0c                TM_USART_Init
 .text.TM_USART_Puts
                0x08001e9c       0x5c src/TM/tm_stm32f4_usart.o
                0x08001e9c                TM_USART_Puts
 .text.TM_USART_InitCustomPinsCallback
                0x08001ef8       0x18 src/TM/tm_stm32f4_usart.o
                0x08001ef8                TM_USART_InitCustomPinsCallback
 .text.TM_USART_INT_GetUsart
                0x08001f10       0x54 src/TM/tm_stm32f4_usart.o
                0x08001f10                TM_USART_INT_GetUsart
 .text.TM_USART_INT_GetSubPriority
                0x08001f64       0x48 src/TM/tm_stm32f4_usart.o
                0x08001f64                TM_USART_INT_GetSubPriority
 .text.TM_USART1_InitPins
                0x08001fac       0x64 src/TM/tm_stm32f4_usart.o
                0x08001fac                TM_USART1_InitPins
 .text.TM_USART2_InitPins
                0x08002010       0x60 src/TM/tm_stm32f4_usart.o
                0x08002010                TM_USART2_InitPins
 .text.TM_USART6_InitPins
                0x08002070       0x64 src/TM/tm_stm32f4_usart.o
                0x08002070                TM_USART6_InitPins
 .text.TM_USART_INT_Init
                0x080020d4      0x120 src/TM/tm_stm32f4_usart.o
 .text.main     0x080021f4       0xbc src/main.o
                0x080021f4                main
 .text.checkConditions
                0x080022b0       0x80 src/main.o
                0x080022b0                checkConditions
 .text.heaterEnable
                0x08002330       0x18 src/main.o
                0x08002330                heaterEnable
 .text.heaterDisable
                0x08002348       0x18 src/main.o
                0x08002348                heaterDisable
 .text.fanEnable
                0x08002360       0x18 src/main.o
                0x08002360                fanEnable
 .text.fanDisable
                0x08002378       0x18 src/main.o
                0x08002378                fanDisable
 .text.bluetoothSend
                0x08002390       0x64 src/main.o
                0x08002390                bluetoothSend
 .text._sbrk    0x080023f4       0x58 src/syscalls.o
                0x080023f4                _sbrk
 .text.SystemInit
                0x0800244c       0x6c src/system_stm32f4xx.o
                0x0800244c                SystemInit
 .text.SystemCoreClockUpdate
                0x080024b8       0xdc src/system_stm32f4xx.o
                0x080024b8                SystemCoreClockUpdate
 .text.SetSysClock
                0x08002594       0xa0 src/system_stm32f4xx.o
 .text.Reset_Handler
                0x08002634       0x48 startup/startup_stm32.o
                0x08002634                Reset_Handler
 .text.Default_Handler
                0x0800267c        0x2 startup/startup_stm32.o
                0x0800267c                DebugMon_Handler
                0x0800267c                HardFault_Handler
                0x0800267c                PendSV_Handler
                0x0800267c                NMI_Handler
                0x0800267c                UsageFault_Handler
                0x0800267c                Default_Handler
                0x0800267c                MemManage_Handler
                0x0800267c                SVC_Handler
                0x0800267c                BusFault_Handler
 *fill*         0x0800267e        0x2 
 .text.__errno  0x08002680        0xc d:/ac6/systemworkbench/plugins/fr.ac6.mcu.externaltools.arm-none.win32_1.15.0.201708311556/tools/compiler/bin/../lib/gcc/arm-none-eabi/6.3.1/../../../../arm-none-eabi/lib/thumb/v7e-m/fpv4-sp/hard\libc.a(lib_a-errno.o)
                0x08002680                __errno
 .text.__libc_init_array
                0x0800268c       0x50 d:/ac6/systemworkbench/plugins/fr.ac6.mcu.externaltools.arm-none.win32_1.15.0.201708311556/tools/compiler/bin/../lib/gcc/arm-none-eabi/6.3.1/../../../../arm-none-eabi/lib/thumb/v7e-m/fpv4-sp/hard\libc.a(lib_a-init.o)
                0x0800268c                __libc_init_array
 .text.malloc   0x080026dc       0x10 d:/ac6/systemworkbench/plugins/fr.ac6.mcu.externaltools.arm-none.win32_1.15.0.201708311556/tools/compiler/bin/../lib/gcc/arm-none-eabi/6.3.1/../../../../arm-none-eabi/lib/thumb/v7e-m/fpv4-sp/hard\libc.a(lib_a-malloc.o)
                0x080026dc                malloc
 .text._malloc_r
                0x080026ec      0x560 d:/ac6/systemworkbench/plugins/fr.ac6.mcu.externaltools.arm-none.win32_1.15.0.201708311556/tools/compiler/bin/../lib/gcc/arm-none-eabi/6.3.1/../../../../arm-none-eabi/lib/thumb/v7e-m/fpv4-sp/hard\libc.a(lib_a-mallocr.o)
                0x080026ec                _malloc_r
 .text.memset   0x08002c4c       0x9c d:/ac6/systemworkbench/plugins/fr.ac6.mcu.externaltools.arm-none.win32_1.15.0.201708311556/tools/compiler/bin/../lib/gcc/arm-none-eabi/6.3.1/../../../../arm-none-eabi/lib/thumb/v7e-m/fpv4-sp/hard\libc.a(lib_a-memset.o)
                0x08002c4c                memset
 .text.__malloc_lock
                0x08002ce8        0xc d:/ac6/systemworkbench/plugins/fr.ac6.mcu.externaltools.arm-none.win32_1.15.0.201708311556/tools/compiler/bin/../lib/gcc/arm-none-eabi/6.3.1/../../../../arm-none-eabi/lib/thumb/v7e-m/fpv4-sp/hard\libc.a(lib_a-mlock.o)
                0x08002ce8                __malloc_lock
 .text.__malloc_unlock
                0x08002cf4        0xc d:/ac6/systemworkbench/plugins/fr.ac6.mcu.externaltools.arm-none.win32_1.15.0.201708311556/tools/compiler/bin/../lib/gcc/arm-none-eabi/6.3.1/../../../../arm-none-eabi/lib/thumb/v7e-m/fpv4-sp/hard\libc.a(lib_a-mlock.o)
                0x08002cf4                __malloc_unlock
 .text._sbrk_r  0x08002d00       0x24 d:/ac6/systemworkbench/plugins/fr.ac6.mcu.externaltools.arm-none.win32_1.15.0.201708311556/tools/compiler/bin/../lib/gcc/arm-none-eabi/6.3.1/../../../../arm-none-eabi/lib/thumb/v7e-m/fpv4-sp/hard\libc.a(lib_a-sbrkr.o)
                0x08002d00                _sbrk_r
 .text.sprintf  0x08002d24       0x4c d:/ac6/systemworkbench/plugins/fr.ac6.mcu.externaltools.arm-none.win32_1.15.0.201708311556/tools/compiler/bin/../lib/gcc/arm-none-eabi/6.3.1/../../../../arm-none-eabi/lib/thumb/v7e-m/fpv4-sp/hard\libc.a(lib_a-sprintf.o)
                0x08002d24                sprintf
 .text.strcat   0x08002d70       0x40 d:/ac6/systemworkbench/plugins/fr.ac6.mcu.externaltools.arm-none.win32_1.15.0.201708311556/tools/compiler/bin/../lib/gcc/arm-none-eabi/6.3.1/../../../../arm-none-eabi/lib/thumb/v7e-m/fpv4-sp/hard\libc.a(lib_a-strcat.o)
                0x08002d70                strcat
 .text.strcpy   0x08002db0       0xbc d:/ac6/systemworkbench/plugins/fr.ac6.mcu.externaltools.arm-none.win32_1.15.0.201708311556/tools/compiler/bin/../lib/gcc/arm-none-eabi/6.3.1/../../../../arm-none-eabi/lib/thumb/v7e-m/fpv4-sp/hard\libc.a(lib_a-strcpy.o)
                0x08002db0                strcpy
 *fill*         0x08002e6c        0x4 
 .text._svfprintf_r
                0x08002e70     0x1494 d:/ac6/systemworkbench/plugins/fr.ac6.mcu.externaltools.arm-none.win32_1.15.0.201708311556/tools/compiler/bin/../lib/gcc/arm-none-eabi/6.3.1/../../../../arm-none-eabi/lib/thumb/v7e-m/fpv4-sp/hard\libc.a(lib_a-svfprintf.o)
                0x08002e70                _svfprintf_r
 .text.startup.register_fini
                0x08004304       0x14 d:/ac6/systemworkbench/plugins/fr.ac6.mcu.externaltools.arm-none.win32_1.15.0.201708311556/tools/compiler/bin/../lib/gcc/arm-none-eabi/6.3.1/../../../../arm-none-eabi/lib/thumb/v7e-m/fpv4-sp/hard\libc.a(lib_a-__call_atexit.o)
 .text.atexit   0x08004318        0xc d:/ac6/systemworkbench/plugins/fr.ac6.mcu.externaltools.arm-none.win32_1.15.0.201708311556/tools/compiler/bin/../lib/gcc/arm-none-eabi/6.3.1/../../../../arm-none-eabi/lib/thumb/v7e-m/fpv4-sp/hard\libc.a(lib_a-atexit.o)
                0x08004318                atexit
 .text.quorem   0x08004324      0x128 d:/ac6/systemworkbench/plugins/fr.ac6.mcu.externaltools.arm-none.win32_1.15.0.201708311556/tools/compiler/bin/../lib/gcc/arm-none-eabi/6.3.1/../../../../arm-none-eabi/lib/thumb/v7e-m/fpv4-sp/hard\libc.a(lib_a-dtoa.o)
 *fill*         0x0800444c        0x4 
 .text._dtoa_r  0x08004450      0xe4c d:/ac6/systemworkbench/plugins/fr.ac6.mcu.externaltools.arm-none.win32_1.15.0.201708311556/tools/compiler/bin/../lib/gcc/arm-none-eabi/6.3.1/../../../../arm-none-eabi/lib/thumb/v7e-m/fpv4-sp/hard\libc.a(lib_a-dtoa.o)
                0x08004450                _dtoa_r
 .text.__libc_fini_array
                0x0800529c       0x34 d:/ac6/systemworkbench/plugins/fr.ac6.mcu.externaltools.arm-none.win32_1.15.0.201708311556/tools/compiler/bin/../lib/gcc/arm-none-eabi/6.3.1/../../../../arm-none-eabi/lib/thumb/v7e-m/fpv4-sp/hard\libc.a(lib_a-fini.o)
                0x0800529c                __libc_fini_array
 .text._malloc_trim_r
                0x080052d0       0xa0 d:/ac6/systemworkbench/plugins/fr.ac6.mcu.externaltools.arm-none.win32_1.15.0.201708311556/tools/compiler/bin/../lib/gcc/arm-none-eabi/6.3.1/../../../../arm-none-eabi/lib/thumb/v7e-m/fpv4-sp/hard\libc.a(lib_a-freer.o)
                0x080052d0                _malloc_trim_r
 .text._free_r  0x08005370      0x1cc d:/ac6/systemworkbench/plugins/fr.ac6.mcu.externaltools.arm-none.win32_1.15.0.201708311556/tools/compiler/bin/../lib/gcc/arm-none-eabi/6.3.1/../../../../arm-none-eabi/lib/thumb/v7e-m/fpv4-sp/hard\libc.a(lib_a-freer.o)
                0x08005370                _free_r
 .text._localeconv_r
                0x0800553c       0x1c d:/ac6/systemworkbench/plugins/fr.ac6.mcu.externaltools.arm-none.win32_1.15.0.201708311556/tools/compiler/bin/../lib/gcc/arm-none-eabi/6.3.1/../../../../arm-none-eabi/lib/thumb/v7e-m/fpv4-sp/hard\libc.a(lib_a-localeconv.o)
                0x0800553c                _localeconv_r
 .text.__retarget_lock_acquire_recursive
                0x08005558        0x4 d:/ac6/systemworkbench/plugins/fr.ac6.mcu.externaltools.arm-none.win32_1.15.0.201708311556/tools/compiler/bin/../lib/gcc/arm-none-eabi/6.3.1/../../../../arm-none-eabi/lib/thumb/v7e-m/fpv4-sp/hard\libc.a(lib_a-lock.o)
                0x08005558                __retarget_lock_acquire_recursive
 .text.__retarget_lock_release_recursive
                0x0800555c        0x4 d:/ac6/systemworkbench/plugins/fr.ac6.mcu.externaltools.arm-none.win32_1.15.0.201708311556/tools/compiler/bin/../lib/gcc/arm-none-eabi/6.3.1/../../../../arm-none-eabi/lib/thumb/v7e-m/fpv4-sp/hard\libc.a(lib_a-lock.o)
                0x0800555c                __retarget_lock_release_recursive
 .text._Balloc  0x08005560       0x4c d:/ac6/systemworkbench/plugins/fr.ac6.mcu.externaltools.arm-none.win32_1.15.0.201708311556/tools/compiler/bin/../lib/gcc/arm-none-eabi/6.3.1/../../../../arm-none-eabi/lib/thumb/v7e-m/fpv4-sp/hard\libc.a(lib_a-mprec.o)
                0x08005560                _Balloc
 .text._Bfree   0x080055ac       0x14 d:/ac6/systemworkbench/plugins/fr.ac6.mcu.externaltools.arm-none.win32_1.15.0.201708311556/tools/compiler/bin/../lib/gcc/arm-none-eabi/6.3.1/../../../../arm-none-eabi/lib/thumb/v7e-m/fpv4-sp/hard\libc.a(lib_a-mprec.o)
                0x080055ac                _Bfree
 .text.__multadd
                0x080055c0       0x80 d:/ac6/systemworkbench/plugins/fr.ac6.mcu.externaltools.arm-none.win32_1.15.0.201708311556/tools/compiler/bin/../lib/gcc/arm-none-eabi/6.3.1/../../../../arm-none-eabi/lib/thumb/v7e-m/fpv4-sp/hard\libc.a(lib_a-mprec.o)
                0x080055c0                __multadd
 .text.__hi0bits
                0x08005640       0x40 d:/ac6/systemworkbench/plugins/fr.ac6.mcu.externaltools.arm-none.win32_1.15.0.201708311556/tools/compiler/bin/../lib/gcc/arm-none-eabi/6.3.1/../../../../arm-none-eabi/lib/thumb/v7e-m/fpv4-sp/hard\libc.a(lib_a-mprec.o)
                0x08005640                __hi0bits
 .text.__lo0bits
                0x08005680       0x60 d:/ac6/systemworkbench/plugins/fr.ac6.mcu.externaltools.arm-none.win32_1.15.0.201708311556/tools/compiler/bin/../lib/gcc/arm-none-eabi/6.3.1/../../../../arm-none-eabi/lib/thumb/v7e-m/fpv4-sp/hard\libc.a(lib_a-mprec.o)
                0x08005680                __lo0bits
 .text.__i2b    0x080056e0       0x14 d:/ac6/systemworkbench/plugins/fr.ac6.mcu.externaltools.arm-none.win32_1.15.0.201708311556/tools/compiler/bin/../lib/gcc/arm-none-eabi/6.3.1/../../../../arm-none-eabi/lib/thumb/v7e-m/fpv4-sp/hard\libc.a(lib_a-mprec.o)
                0x080056e0                __i2b
 .text.__multiply
                0x080056f4      0x124 d:/ac6/systemworkbench/plugins/fr.ac6.mcu.externaltools.arm-none.win32_1.15.0.201708311556/tools/compiler/bin/../lib/gcc/arm-none-eabi/6.3.1/../../../../arm-none-eabi/lib/thumb/v7e-m/fpv4-sp/hard\libc.a(lib_a-mprec.o)
                0x080056f4                __multiply
 .text.__pow5mult
                0x08005818       0xa0 d:/ac6/systemworkbench/plugins/fr.ac6.mcu.externaltools.arm-none.win32_1.15.0.201708311556/tools/compiler/bin/../lib/gcc/arm-none-eabi/6.3.1/../../../../arm-none-eabi/lib/thumb/v7e-m/fpv4-sp/hard\libc.a(lib_a-mprec.o)
                0x08005818                __pow5mult
 .text.__lshift
                0x080058b8       0xa4 d:/ac6/systemworkbench/plugins/fr.ac6.mcu.externaltools.arm-none.win32_1.15.0.201708311556/tools/compiler/bin/../lib/gcc/arm-none-eabi/6.3.1/../../../../arm-none-eabi/lib/thumb/v7e-m/fpv4-sp/hard\libc.a(lib_a-mprec.o)
                0x080058b8                __lshift
 .text.__mcmp   0x0800595c       0x38 d:/ac6/systemworkbench/plugins/fr.ac6.mcu.externaltools.arm-none.win32_1.15.0.201708311556/tools/compiler/bin/../lib/gcc/arm-none-eabi/6.3.1/../../../../arm-none-eabi/lib/thumb/v7e-m/fpv4-sp/hard\libc.a(lib_a-mprec.o)
                0x0800595c                __mcmp
 .text.__mdiff  0x08005994      0x108 d:/ac6/systemworkbench/plugins/fr.ac6.mcu.externaltools.arm-none.win32_1.15.0.201708311556/tools/compiler/bin/../lib/gcc/arm-none-eabi/6.3.1/../../../../arm-none-eabi/lib/thumb/v7e-m/fpv4-sp/hard\libc.a(lib_a-mprec.o)
                0x08005994                __mdiff
 .text.__d2b    0x08005a9c       0xbc d:/ac6/systemworkbench/plugins/fr.ac6.mcu.externaltools.arm-none.win32_1.15.0.201708311556/tools/compiler/bin/../lib/gcc/arm-none-eabi/6.3.1/../../../../arm-none-eabi/lib/thumb/v7e-m/fpv4-sp/hard\libc.a(lib_a-mprec.o)
                0x08005a9c                __d2b
 .text.__ssprint_r
                0x08005b58       0xfc d:/ac6/systemworkbench/plugins/fr.ac6.mcu.externaltools.arm-none.win32_1.15.0.201708311556/tools/compiler/bin/../lib/gcc/arm-none-eabi/6.3.1/../../../../arm-none-eabi/lib/thumb/v7e-m/fpv4-sp/hard\libc.a(lib_a-svfiprintf.o)
                0x08005b58                __ssprint_r
 .text.__register_exitproc
                0x08005c54       0xc4 d:/ac6/systemworkbench/plugins/fr.ac6.mcu.externaltools.arm-none.win32_1.15.0.201708311556/tools/compiler/bin/../lib/gcc/arm-none-eabi/6.3.1/../../../../arm-none-eabi/lib/thumb/v7e-m/fpv4-sp/hard\libc.a(lib_a-__atexit.o)
                0x08005c54                __register_exitproc
 .text._calloc_r
                0x08005d18       0x60 d:/ac6/systemworkbench/plugins/fr.ac6.mcu.externaltools.arm-none.win32_1.15.0.201708311556/tools/compiler/bin/../lib/gcc/arm-none-eabi/6.3.1/../../../../arm-none-eabi/lib/thumb/v7e-m/fpv4-sp/hard\libc.a(lib_a-callocr.o)
                0x08005d18                _calloc_r
 .text.__ascii_mbtowc
                0x08005d78       0x2c d:/ac6/systemworkbench/plugins/fr.ac6.mcu.externaltools.arm-none.win32_1.15.0.201708311556/tools/compiler/bin/../lib/gcc/arm-none-eabi/6.3.1/../../../../arm-none-eabi/lib/thumb/v7e-m/fpv4-sp/hard\libc.a(lib_a-mbtowc_r.o)
                0x08005d78                __ascii_mbtowc
 .text.memmove  0x08005da4       0xc8 d:/ac6/systemworkbench/plugins/fr.ac6.mcu.externaltools.arm-none.win32_1.15.0.201708311556/tools/compiler/bin/../lib/gcc/arm-none-eabi/6.3.1/../../../../arm-none-eabi/lib/thumb/v7e-m/fpv4-sp/hard\libc.a(lib_a-memmove.o)
                0x08005da4                memmove
 .text._realloc_r
                0x08005e6c      0x34c d:/ac6/systemworkbench/plugins/fr.ac6.mcu.externaltools.arm-none.win32_1.15.0.201708311556/tools/compiler/bin/../lib/gcc/arm-none-eabi/6.3.1/../../../../arm-none-eabi/lib/thumb/v7e-m/fpv4-sp/hard\libc.a(lib_a-reallocr.o)
                0x08005e6c                _realloc_r
 .text.__ascii_wctomb
                0x080061b8       0x1c d:/ac6/systemworkbench/plugins/fr.ac6.mcu.externaltools.arm-none.win32_1.15.0.201708311556/tools/compiler/bin/../lib/gcc/arm-none-eabi/6.3.1/../../../../arm-none-eabi/lib/thumb/v7e-m/fpv4-sp/hard\libc.a(lib_a-wctomb_r.o)
                0x080061b8                __ascii_wctomb
 *(.glue_7)
 .glue_7        0x080061d4        0x0 linker stubs
 *(.glue_7t)
 .glue_7t       0x080061d4        0x0 linker stubs
 *(.eh_frame)
 .eh_frame      0x080061d4        0x0 d:/ac6/systemworkbench/plugins/fr.ac6.mcu.externaltools.arm-none.win32_1.15.0.201708311556/tools/compiler/bin/../lib/gcc/arm-none-eabi/6.3.1/thumb/v7e-m/fpv4-sp/hard/crtbegin.o
 *(.init)
 .init          0x080061d4        0x4 d:/ac6/systemworkbench/plugins/fr.ac6.mcu.externaltools.arm-none.win32_1.15.0.201708311556/tools/compiler/bin/../lib/gcc/arm-none-eabi/6.3.1/thumb/v7e-m/fpv4-sp/hard/crti.o
                0x080061d4                _init
 .init          0x080061d8        0x8 d:/ac6/systemworkbench/plugins/fr.ac6.mcu.externaltools.arm-none.win32_1.15.0.201708311556/tools/compiler/bin/../lib/gcc/arm-none-eabi/6.3.1/thumb/v7e-m/fpv4-sp/hard/crtn.o
 *(.fini)
 .fini          0x080061e0        0x4 d:/ac6/systemworkbench/plugins/fr.ac6.mcu.externaltools.arm-none.win32_1.15.0.201708311556/tools/compiler/bin/../lib/gcc/arm-none-eabi/6.3.1/thumb/v7e-m/fpv4-sp/hard/crti.o
                0x080061e0                _fini
 .fini          0x080061e4        0x8 d:/ac6/systemworkbench/plugins/fr.ac6.mcu.externaltools.arm-none.win32_1.15.0.201708311556/tools/compiler/bin/../lib/gcc/arm-none-eabi/6.3.1/thumb/v7e-m/fpv4-sp/hard/crtn.o
                0x080061ec                . = ALIGN (0x4)
                0x080061ec                _etext = .

.vfp11_veneer   0x080061ec        0x0
 .vfp11_veneer  0x080061ec        0x0 linker stubs

.v4_bx          0x080061ec        0x0
 .v4_bx         0x080061ec        0x0 linker stubs

.iplt           0x080061ec        0x0
 .iplt          0x080061ec        0x0 d:/ac6/systemworkbench/plugins/fr.ac6.mcu.externaltools.arm-none.win32_1.15.0.201708311556/tools/compiler/bin/../lib/gcc/arm-none-eabi/6.3.1/thumb/v7e-m/fpv4-sp/hard/crtbegin.o

.rodata         0x080061f0      0x2a8
                0x080061f0                . = ALIGN (0x4)
 *(.rodata)
 .rodata        0x080061f0       0x1f src/main.o
 *(.rodata*)
 *fill*         0x0800620f        0x1 
 .rodata._global_impure_ptr
                0x08006210        0x4 d:/ac6/systemworkbench/plugins/fr.ac6.mcu.externaltools.arm-none.win32_1.15.0.201708311556/tools/compiler/bin/../lib/gcc/arm-none-eabi/6.3.1/../../../../arm-none-eabi/lib/thumb/v7e-m/fpv4-sp/hard\libc.a(lib_a-impure.o)
                0x08006210                _global_impure_ptr
 .rodata._svfprintf_r.str1.4
                0x08006214       0x42 d:/ac6/systemworkbench/plugins/fr.ac6.mcu.externaltools.arm-none.win32_1.15.0.201708311556/tools/compiler/bin/../lib/gcc/arm-none-eabi/6.3.1/../../../../arm-none-eabi/lib/thumb/v7e-m/fpv4-sp/hard\libc.a(lib_a-svfprintf.o)
 *fill*         0x08006256        0x2 
 .rodata.blanks.8346
                0x08006258       0x10 d:/ac6/systemworkbench/plugins/fr.ac6.mcu.externaltools.arm-none.win32_1.15.0.201708311556/tools/compiler/bin/../lib/gcc/arm-none-eabi/6.3.1/../../../../arm-none-eabi/lib/thumb/v7e-m/fpv4-sp/hard\libc.a(lib_a-svfprintf.o)
 .rodata.zeroes.8347
                0x08006268       0x10 d:/ac6/systemworkbench/plugins/fr.ac6.mcu.externaltools.arm-none.win32_1.15.0.201708311556/tools/compiler/bin/../lib/gcc/arm-none-eabi/6.3.1/../../../../arm-none-eabi/lib/thumb/v7e-m/fpv4-sp/hard\libc.a(lib_a-svfprintf.o)
 .rodata._dtoa_r.str1.4
                0x08006278       0x10 d:/ac6/systemworkbench/plugins/fr.ac6.mcu.externaltools.arm-none.win32_1.15.0.201708311556/tools/compiler/bin/../lib/gcc/arm-none-eabi/6.3.1/../../../../arm-none-eabi/lib/thumb/v7e-m/fpv4-sp/hard\libc.a(lib_a-dtoa.o)
                                 0x12 (size before relaxing)
 .rodata.__mprec_bigtens
                0x08006288       0x28 d:/ac6/systemworkbench/plugins/fr.ac6.mcu.externaltools.arm-none.win32_1.15.0.201708311556/tools/compiler/bin/../lib/gcc/arm-none-eabi/6.3.1/../../../../arm-none-eabi/lib/thumb/v7e-m/fpv4-sp/hard\libc.a(lib_a-mprec.o)
                0x08006288                __mprec_bigtens
 .rodata.__mprec_tens
                0x080062b0       0xc8 d:/ac6/systemworkbench/plugins/fr.ac6.mcu.externaltools.arm-none.win32_1.15.0.201708311556/tools/compiler/bin/../lib/gcc/arm-none-eabi/6.3.1/../../../../arm-none-eabi/lib/thumb/v7e-m/fpv4-sp/hard\libc.a(lib_a-mprec.o)
                0x080062b0                __mprec_tens
 .rodata.p05.7178
                0x08006378        0xc d:/ac6/systemworkbench/plugins/fr.ac6.mcu.externaltools.arm-none.win32_1.15.0.201708311556/tools/compiler/bin/../lib/gcc/arm-none-eabi/6.3.1/../../../../arm-none-eabi/lib/thumb/v7e-m/fpv4-sp/hard\libc.a(lib_a-mprec.o)
 .rodata._setlocale_r.str1.4
                0x08006384        0xa d:/ac6/systemworkbench/plugins/fr.ac6.mcu.externaltools.arm-none.win32_1.15.0.201708311556/tools/compiler/bin/../lib/gcc/arm-none-eabi/6.3.1/../../../../arm-none-eabi/lib/thumb/v7e-m/fpv4-sp/hard\libc.a(lib_a-locale.o)
                                  0xd (size before relaxing)
 *fill*         0x0800638e        0x2 
 .rodata.str1.4
                0x08006390        0x4 d:/ac6/systemworkbench/plugins/fr.ac6.mcu.externaltools.arm-none.win32_1.15.0.201708311556/tools/compiler/bin/../lib/gcc/arm-none-eabi/6.3.1/../../../../arm-none-eabi/lib/thumb/v7e-m/fpv4-sp/hard\libc.a(lib_a-locale.o)
                                  0x2 (size before relaxing)
 .rodata._ctype_
                0x08006394      0x101 d:/ac6/systemworkbench/plugins/fr.ac6.mcu.externaltools.arm-none.win32_1.15.0.201708311556/tools/compiler/bin/../lib/gcc/arm-none-eabi/6.3.1/../../../../arm-none-eabi/lib/thumb/v7e-m/fpv4-sp/hard\libc.a(lib_a-ctype_.o)
                0x08006394                _ctype_
                0x08006498                . = ALIGN (0x4)
 *fill*         0x08006495        0x3 

.ARM.extab      0x08006498        0x0
                0x08006498                . = ALIGN (0x4)
 *(.ARM.extab* .gnu.linkonce.armextab.*)
                0x08006498                . = ALIGN (0x4)

.ARM            0x08006498        0x8
                0x08006498                . = ALIGN (0x4)
                0x08006498                __exidx_start = .
 *(.ARM.exidx*)
 .ARM.exidx     0x08006498        0x8 d:/ac6/systemworkbench/plugins/fr.ac6.mcu.externaltools.arm-none.win32_1.15.0.201708311556/tools/compiler/bin/../lib/gcc/arm-none-eabi/6.3.1/thumb/v7e-m/fpv4-sp/hard\libgcc.a(_udivmoddi4.o)
                0x080064a0                __exidx_end = .
                0x080064a0                . = ALIGN (0x4)

.rel.dyn        0x080064a0        0x0
 .rel.iplt      0x080064a0        0x0 d:/ac6/systemworkbench/plugins/fr.ac6.mcu.externaltools.arm-none.win32_1.15.0.201708311556/tools/compiler/bin/../lib/gcc/arm-none-eabi/6.3.1/thumb/v7e-m/fpv4-sp/hard/crtbegin.o

.preinit_array  0x080064a0        0x0
                0x080064a0                . = ALIGN (0x4)
                0x080064a0                PROVIDE (__preinit_array_start, .)
 *(.preinit_array*)
                0x080064a0                PROVIDE (__preinit_array_end, .)
                0x080064a0                . = ALIGN (0x4)

.init_array     0x080064a0        0x8
                0x080064a0                . = ALIGN (0x4)
                0x080064a0                PROVIDE (__init_array_start, .)
 *(SORT(.init_array.*))
 .init_array.00000
                0x080064a0        0x4 d:/ac6/systemworkbench/plugins/fr.ac6.mcu.externaltools.arm-none.win32_1.15.0.201708311556/tools/compiler/bin/../lib/gcc/arm-none-eabi/6.3.1/../../../../arm-none-eabi/lib/thumb/v7e-m/fpv4-sp/hard\libc.a(lib_a-__call_atexit.o)
 *(.init_array*)
 .init_array    0x080064a4        0x4 d:/ac6/systemworkbench/plugins/fr.ac6.mcu.externaltools.arm-none.win32_1.15.0.201708311556/tools/compiler/bin/../lib/gcc/arm-none-eabi/6.3.1/thumb/v7e-m/fpv4-sp/hard/crtbegin.o
                0x080064a8                PROVIDE (__init_array_end, .)
                0x080064a8                . = ALIGN (0x4)

.fini_array     0x080064a8        0x4
                0x080064a8                . = ALIGN (0x4)
                0x080064a8                PROVIDE (__fini_array_start, .)
 *(SORT(.fini_array.*))
 *(.fini_array*)
 .fini_array    0x080064a8        0x4 d:/ac6/systemworkbench/plugins/fr.ac6.mcu.externaltools.arm-none.win32_1.15.0.201708311556/tools/compiler/bin/../lib/gcc/arm-none-eabi/6.3.1/thumb/v7e-m/fpv4-sp/hard/crtbegin.o
                0x080064ac                PROVIDE (__fini_array_end, .)
                0x080064ac                . = ALIGN (0x4)
                0x080064ac                _sidata = LOADADDR (.data)

.data           0x20000000      0xa00 load address 0x080064ac
                0x20000000                . = ALIGN (0x4)
                0x20000000                _sdata = .
 *(.data)
 .data          0x20000000       0x10 StdPeriph_Driver/src/stm32f4xx_rcc.o
 .data          0x20000010       0x30 src/TM/tm_stm32f4_usart.o
                0x20000010                TM_USART1
                0x20000020                TM_USART2
                0x20000030                TM_USART6
 .data          0x20000040       0x14 src/system_stm32f4xx.o
                0x20000040                SystemCoreClock
                0x20000044                AHBPrescTable
 *(.data*)
 .data._impure_ptr
                0x20000054        0x4 d:/ac6/systemworkbench/plugins/fr.ac6.mcu.externaltools.arm-none.win32_1.15.0.201708311556/tools/compiler/bin/../lib/gcc/arm-none-eabi/6.3.1/../../../../arm-none-eabi/lib/thumb/v7e-m/fpv4-sp/hard\libc.a(lib_a-impure.o)
                0x20000054                _impure_ptr
 .data.impure_data
                0x20000058      0x428 d:/ac6/systemworkbench/plugins/fr.ac6.mcu.externaltools.arm-none.win32_1.15.0.201708311556/tools/compiler/bin/../lib/gcc/arm-none-eabi/6.3.1/../../../../arm-none-eabi/lib/thumb/v7e-m/fpv4-sp/hard\libc.a(lib_a-impure.o)
 .data.__malloc_av_
                0x20000480      0x408 d:/ac6/systemworkbench/plugins/fr.ac6.mcu.externaltools.arm-none.win32_1.15.0.201708311556/tools/compiler/bin/../lib/gcc/arm-none-eabi/6.3.1/../../../../arm-none-eabi/lib/thumb/v7e-m/fpv4-sp/hard\libc.a(lib_a-mallocr.o)
                0x20000480                __malloc_av_
 .data.__malloc_sbrk_base
                0x20000888        0x4 d:/ac6/systemworkbench/plugins/fr.ac6.mcu.externaltools.arm-none.win32_1.15.0.201708311556/tools/compiler/bin/../lib/gcc/arm-none-eabi/6.3.1/../../../../arm-none-eabi/lib/thumb/v7e-m/fpv4-sp/hard\libc.a(lib_a-mallocr.o)
                0x20000888                __malloc_sbrk_base
 .data.__malloc_trim_threshold
                0x2000088c        0x4 d:/ac6/systemworkbench/plugins/fr.ac6.mcu.externaltools.arm-none.win32_1.15.0.201708311556/tools/compiler/bin/../lib/gcc/arm-none-eabi/6.3.1/../../../../arm-none-eabi/lib/thumb/v7e-m/fpv4-sp/hard\libc.a(lib_a-mallocr.o)
                0x2000088c                __malloc_trim_threshold
 .data.__atexit_recursive_mutex
                0x20000890        0x4 d:/ac6/systemworkbench/plugins/fr.ac6.mcu.externaltools.arm-none.win32_1.15.0.201708311556/tools/compiler/bin/../lib/gcc/arm-none-eabi/6.3.1/../../../../arm-none-eabi/lib/thumb/v7e-m/fpv4-sp/hard\libc.a(lib_a-__call_atexit.o)
                0x20000890                __atexit_recursive_mutex
 .data.__global_locale
                0x20000894      0x16c d:/ac6/systemworkbench/plugins/fr.ac6.mcu.externaltools.arm-none.win32_1.15.0.201708311556/tools/compiler/bin/../lib/gcc/arm-none-eabi/6.3.1/../../../../arm-none-eabi/lib/thumb/v7e-m/fpv4-sp/hard\libc.a(lib_a-locale.o)
                0x20000894                __global_locale
                0x20000a00                . = ALIGN (0x4)
                0x20000a00                _edata = .

.jcr            0x20000a00        0x0 load address 0x08006eac
 .jcr           0x20000a00        0x0 d:/ac6/systemworkbench/plugins/fr.ac6.mcu.externaltools.arm-none.win32_1.15.0.201708311556/tools/compiler/bin/../lib/gcc/arm-none-eabi/6.3.1/thumb/v7e-m/fpv4-sp/hard/crtbegin.o

.igot.plt       0x20000a00        0x0 load address 0x08006eac
 .igot.plt      0x20000a00        0x0 d:/ac6/systemworkbench/plugins/fr.ac6.mcu.externaltools.arm-none.win32_1.15.0.201708311556/tools/compiler/bin/../lib/gcc/arm-none-eabi/6.3.1/thumb/v7e-m/fpv4-sp/hard/crtbegin.o
                0x20000a00                . = ALIGN (0x4)

.bss            0x20000a00      0x134 load address 0x08006eac
                0x20000a00                _sbss = .
                0x20000a00                __bss_start__ = _sbss
 *(.bss)
 .bss           0x20000a00       0x1c d:/ac6/systemworkbench/plugins/fr.ac6.mcu.externaltools.arm-none.win32_1.15.0.201708311556/tools/compiler/bin/../lib/gcc/arm-none-eabi/6.3.1/thumb/v7e-m/fpv4-sp/hard/crtbegin.o
 .bss           0x20000a1c       0x28 src/TM/tm_stm32f4_delay.o
                0x20000a1c                TM_TimingDelay
                0x20000a20                TM_Time
                0x20000a24                TM_Time2
                0x20000a28                TM_DELAY_Initialized
 .bss           0x20000a44       0x16 src/TM/tm_stm32f4_gpio.o
 *fill*         0x20000a5a        0x2 
 .bss           0x20000a5c        0x8 src/syscalls.o
                0x20000a5c                __env
 *(.bss*)
 .bss.__malloc_current_mallinfo
                0x20000a64       0x28 d:/ac6/systemworkbench/plugins/fr.ac6.mcu.externaltools.arm-none.win32_1.15.0.201708311556/tools/compiler/bin/../lib/gcc/arm-none-eabi/6.3.1/../../../../arm-none-eabi/lib/thumb/v7e-m/fpv4-sp/hard\libc.a(lib_a-mallocr.o)
                0x20000a64                __malloc_current_mallinfo
 .bss.__malloc_max_sbrked_mem
                0x20000a8c        0x4 d:/ac6/systemworkbench/plugins/fr.ac6.mcu.externaltools.arm-none.win32_1.15.0.201708311556/tools/compiler/bin/../lib/gcc/arm-none-eabi/6.3.1/../../../../arm-none-eabi/lib/thumb/v7e-m/fpv4-sp/hard\libc.a(lib_a-mallocr.o)
                0x20000a8c                __malloc_max_sbrked_mem
 .bss.__malloc_max_total_mem
                0x20000a90        0x4 d:/ac6/systemworkbench/plugins/fr.ac6.mcu.externaltools.arm-none.win32_1.15.0.201708311556/tools/compiler/bin/../lib/gcc/arm-none-eabi/6.3.1/../../../../arm-none-eabi/lib/thumb/v7e-m/fpv4-sp/hard\libc.a(lib_a-mallocr.o)
                0x20000a90                __malloc_max_total_mem
 .bss.__malloc_top_pad
                0x20000a94        0x4 d:/ac6/systemworkbench/plugins/fr.ac6.mcu.externaltools.arm-none.win32_1.15.0.201708311556/tools/compiler/bin/../lib/gcc/arm-none-eabi/6.3.1/../../../../arm-none-eabi/lib/thumb/v7e-m/fpv4-sp/hard\libc.a(lib_a-mallocr.o)
                0x20000a94                __malloc_top_pad
 *(COMMON)
 COMMON         0x20000a98       0x14 src/DHT11/dht11.o
                0x20000a98                TIM_TimeBaseStructure
                0x20000aa4                GPIO_InitStructure
 COMMON         0x20000aac       0x60 src/TM/tm_stm32f4_usart.o
                0x20000aac                TM_USART6_Buffer
                0x20000acc                TM_USART2_Buffer
                0x20000aec                TM_USART1_Buffer
 COMMON         0x20000b0c       0x21 d:/ac6/systemworkbench/plugins/fr.ac6.mcu.externaltools.arm-none.win32_1.15.0.201708311556/tools/compiler/bin/../lib/gcc/arm-none-eabi/6.3.1/../../../../arm-none-eabi/lib/thumb/v7e-m/fpv4-sp/hard\libc.a(lib_a-lock.o)
                0x20000b0c                __lock___atexit_recursive_mutex
                0x20000b10                __lock___arc4random_mutex
                0x20000b14                __lock___env_recursive_mutex
                0x20000b18                __lock___sinit_recursive_mutex
                0x20000b1c                __lock___malloc_recursive_mutex
                0x20000b20                __lock___at_quick_exit_mutex
                0x20000b24                __lock___dd_hash_mutex
                0x20000b28                __lock___tz_mutex
                0x20000b2c                __lock___sfp_recursive_mutex
 *fill*         0x20000b2d        0x3 
 COMMON         0x20000b30        0x4 d:/ac6/systemworkbench/plugins/fr.ac6.mcu.externaltools.arm-none.win32_1.15.0.201708311556/tools/compiler/bin/../lib/gcc/arm-none-eabi/6.3.1/../../../../arm-none-eabi/lib/thumb/v7e-m/fpv4-sp/hard\libc.a(lib_a-reent.o)
                0x20000b30                errno
                0x20000b34                . = ALIGN (0x4)
                0x20000b34                _ebss = .
                0x20000b34                __bss_end__ = _ebss

._user_heap_stack
                0x20000b34      0x404 load address 0x08006eac
                0x20000b38                . = ALIGN (0x8)
 *fill*         0x20000b34        0x4 
                0x20000b38                PROVIDE (end, .)
                [!provide]                PROVIDE (_end, .)
                0x20000b38                . = (. + _Min_Heap_Size)
                0x20000f38                . = (. + _Min_Stack_Size)
 *fill*         0x20000b38      0x400 
                0x20000f38                . = ALIGN (0x8)

/DISCARD/
 libc.a(*)
 libm.a(*)
 libgcc.a(*)

.ARM.attributes
                0x00000000       0x30
 *(.ARM.attributes)
 .ARM.attributes
                0x00000000       0x22 d:/ac6/systemworkbench/plugins/fr.ac6.mcu.externaltools.arm-none.win32_1.15.0.201708311556/tools/compiler/bin/../lib/gcc/arm-none-eabi/6.3.1/thumb/v7e-m/fpv4-sp/hard/crti.o
 .ARM.attributes
                0x00000022       0x34 d:/ac6/systemworkbench/plugins/fr.ac6.mcu.externaltools.arm-none.win32_1.15.0.201708311556/tools/compiler/bin/../lib/gcc/arm-none-eabi/6.3.1/thumb/v7e-m/fpv4-sp/hard/crtbegin.o
 .ARM.attributes
                0x00000056       0x39 StdPeriph_Driver/src/misc.o
 .ARM.attributes
                0x0000008f       0x39 StdPeriph_Driver/src/stm32f4xx_gpio.o
 .ARM.attributes
                0x000000c8       0x39 StdPeriph_Driver/src/stm32f4xx_rcc.o
 .ARM.attributes
                0x00000101       0x39 StdPeriph_Driver/src/stm32f4xx_tim.o
 .ARM.attributes
                0x0000013a       0x39 StdPeriph_Driver/src/stm32f4xx_usart.o
 .ARM.attributes
                0x00000173       0x39 src/DHT11/dht11.o
 .ARM.attributes
                0x000001ac       0x39 src/TM/tm_stm32f4_delay.o
 .ARM.attributes
                0x000001e5       0x39 src/TM/tm_stm32f4_disco.o
 .ARM.attributes
                0x0000021e       0x39 src/TM/tm_stm32f4_gpio.o
 .ARM.attributes
                0x00000257       0x39 src/TM/tm_stm32f4_usart.o
 .ARM.attributes
                0x00000290       0x39 src/main.o
 .ARM.attributes
                0x000002c9       0x39 src/syscalls.o
 .ARM.attributes
                0x00000302       0x39 src/system_stm32f4xx.o
 .ARM.attributes
                0x0000033b       0x25 startup/startup_stm32.o
 .ARM.attributes
                0x00000360       0x22 d:/ac6/systemworkbench/plugins/fr.ac6.mcu.externaltools.arm-none.win32_1.15.0.201708311556/tools/compiler/bin/../lib/gcc/arm-none-eabi/6.3.1/thumb/v7e-m/fpv4-sp/hard\libgcc.a(_arm_addsubdf3.o)
 .ARM.attributes
                0x00000382       0x22 d:/ac6/systemworkbench/plugins/fr.ac6.mcu.externaltools.arm-none.win32_1.15.0.201708311556/tools/compiler/bin/../lib/gcc/arm-none-eabi/6.3.1/thumb/v7e-m/fpv4-sp/hard\libgcc.a(_arm_muldivdf3.o)
 .ARM.attributes
                0x000003a4       0x22 d:/ac6/systemworkbench/plugins/fr.ac6.mcu.externaltools.arm-none.win32_1.15.0.201708311556/tools/compiler/bin/../lib/gcc/arm-none-eabi/6.3.1/thumb/v7e-m/fpv4-sp/hard\libgcc.a(_arm_cmpdf2.o)
 .ARM.attributes
                0x000003c6       0x22 d:/ac6/systemworkbench/plugins/fr.ac6.mcu.externaltools.arm-none.win32_1.15.0.201708311556/tools/compiler/bin/../lib/gcc/arm-none-eabi/6.3.1/thumb/v7e-m/fpv4-sp/hard\libgcc.a(_arm_unorddf2.o)
 .ARM.attributes
                0x000003e8       0x34 d:/ac6/systemworkbench/plugins/fr.ac6.mcu.externaltools.arm-none.win32_1.15.0.201708311556/tools/compiler/bin/../lib/gcc/arm-none-eabi/6.3.1/../../../../arm-none-eabi/lib/thumb/v7e-m/fpv4-sp/hard\libc.a(lib_a-errno.o)
 .ARM.attributes
                0x0000041c       0x34 d:/ac6/systemworkbench/plugins/fr.ac6.mcu.externaltools.arm-none.win32_1.15.0.201708311556/tools/compiler/bin/../lib/gcc/arm-none-eabi/6.3.1/../../../../arm-none-eabi/lib/thumb/v7e-m/fpv4-sp/hard\libc.a(lib_a-impure.o)
 .ARM.attributes
                0x00000450       0x34 d:/ac6/systemworkbench/plugins/fr.ac6.mcu.externaltools.arm-none.win32_1.15.0.201708311556/tools/compiler/bin/../lib/gcc/arm-none-eabi/6.3.1/../../../../arm-none-eabi/lib/thumb/v7e-m/fpv4-sp/hard\libc.a(lib_a-init.o)
 .ARM.attributes
                0x00000484       0x34 d:/ac6/systemworkbench/plugins/fr.ac6.mcu.externaltools.arm-none.win32_1.15.0.201708311556/tools/compiler/bin/../lib/gcc/arm-none-eabi/6.3.1/../../../../arm-none-eabi/lib/thumb/v7e-m/fpv4-sp/hard\libc.a(lib_a-malloc.o)
 .ARM.attributes
                0x000004b8       0x34 d:/ac6/systemworkbench/plugins/fr.ac6.mcu.externaltools.arm-none.win32_1.15.0.201708311556/tools/compiler/bin/../lib/gcc/arm-none-eabi/6.3.1/../../../../arm-none-eabi/lib/thumb/v7e-m/fpv4-sp/hard\libc.a(lib_a-mallocr.o)
 .ARM.attributes
                0x000004ec       0x34 d:/ac6/systemworkbench/plugins/fr.ac6.mcu.externaltools.arm-none.win32_1.15.0.201708311556/tools/compiler/bin/../lib/gcc/arm-none-eabi/6.3.1/../../../../arm-none-eabi/lib/thumb/v7e-m/fpv4-sp/hard\libc.a(lib_a-memset.o)
 .ARM.attributes
                0x00000520       0x34 d:/ac6/systemworkbench/plugins/fr.ac6.mcu.externaltools.arm-none.win32_1.15.0.201708311556/tools/compiler/bin/../lib/gcc/arm-none-eabi/6.3.1/../../../../arm-none-eabi/lib/thumb/v7e-m/fpv4-sp/hard\libc.a(lib_a-mlock.o)
 .ARM.attributes
                0x00000554       0x34 d:/ac6/systemworkbench/plugins/fr.ac6.mcu.externaltools.arm-none.win32_1.15.0.201708311556/tools/compiler/bin/../lib/gcc/arm-none-eabi/6.3.1/../../../../arm-none-eabi/lib/thumb/v7e-m/fpv4-sp/hard\libc.a(lib_a-sbrkr.o)
 .ARM.attributes
                0x00000588       0x34 d:/ac6/systemworkbench/plugins/fr.ac6.mcu.externaltools.arm-none.win32_1.15.0.201708311556/tools/compiler/bin/../lib/gcc/arm-none-eabi/6.3.1/../../../../arm-none-eabi/lib/thumb/v7e-m/fpv4-sp/hard\libc.a(lib_a-sprintf.o)
 .ARM.attributes
                0x000005bc       0x34 d:/ac6/systemworkbench/plugins/fr.ac6.mcu.externaltools.arm-none.win32_1.15.0.201708311556/tools/compiler/bin/../lib/gcc/arm-none-eabi/6.3.1/../../../../arm-none-eabi/lib/thumb/v7e-m/fpv4-sp/hard\libc.a(lib_a-strcat.o)
 .ARM.attributes
                0x000005f0       0x34 d:/ac6/systemworkbench/plugins/fr.ac6.mcu.externaltools.arm-none.win32_1.15.0.201708311556/tools/compiler/bin/../lib/gcc/arm-none-eabi/6.3.1/../../../../arm-none-eabi/lib/thumb/v7e-m/fpv4-sp/hard\libc.a(lib_a-strcpy.o)
 .ARM.attributes
                0x00000624       0x34 d:/ac6/systemworkbench/plugins/fr.ac6.mcu.externaltools.arm-none.win32_1.15.0.201708311556/tools/compiler/bin/../lib/gcc/arm-none-eabi/6.3.1/../../../../arm-none-eabi/lib/thumb/v7e-m/fpv4-sp/hard\libc.a(lib_a-svfprintf.o)
 .ARM.attributes
                0x00000658       0x34 d:/ac6/systemworkbench/plugins/fr.ac6.mcu.externaltools.arm-none.win32_1.15.0.201708311556/tools/compiler/bin/../lib/gcc/arm-none-eabi/6.3.1/../../../../arm-none-eabi/lib/thumb/v7e-m/fpv4-sp/hard\libc.a(lib_a-__call_atexit.o)
 .ARM.attributes
                0x0000068c       0x34 d:/ac6/systemworkbench/plugins/fr.ac6.mcu.externaltools.arm-none.win32_1.15.0.201708311556/tools/compiler/bin/../lib/gcc/arm-none-eabi/6.3.1/../../../../arm-none-eabi/lib/thumb/v7e-m/fpv4-sp/hard\libc.a(lib_a-atexit.o)
 .ARM.attributes
                0x000006c0       0x34 d:/ac6/systemworkbench/plugins/fr.ac6.mcu.externaltools.arm-none.win32_1.15.0.201708311556/tools/compiler/bin/../lib/gcc/arm-none-eabi/6.3.1/../../../../arm-none-eabi/lib/thumb/v7e-m/fpv4-sp/hard\libc.a(lib_a-dtoa.o)
 .ARM.attributes
                0x000006f4       0x34 d:/ac6/systemworkbench/plugins/fr.ac6.mcu.externaltools.arm-none.win32_1.15.0.201708311556/tools/compiler/bin/../lib/gcc/arm-none-eabi/6.3.1/../../../../arm-none-eabi/lib/thumb/v7e-m/fpv4-sp/hard\libc.a(lib_a-fini.o)
 .ARM.attributes
                0x00000728       0x34 d:/ac6/systemworkbench/plugins/fr.ac6.mcu.externaltools.arm-none.win32_1.15.0.201708311556/tools/compiler/bin/../lib/gcc/arm-none-eabi/6.3.1/../../../../arm-none-eabi/lib/thumb/v7e-m/fpv4-sp/hard\libc.a(lib_a-freer.o)
 .ARM.attributes
                0x0000075c       0x34 d:/ac6/systemworkbench/plugins/fr.ac6.mcu.externaltools.arm-none.win32_1.15.0.201708311556/tools/compiler/bin/../lib/gcc/arm-none-eabi/6.3.1/../../../../arm-none-eabi/lib/thumb/v7e-m/fpv4-sp/hard\libc.a(lib_a-localeconv.o)
 .ARM.attributes
                0x00000790       0x34 d:/ac6/systemworkbench/plugins/fr.ac6.mcu.externaltools.arm-none.win32_1.15.0.201708311556/tools/compiler/bin/../lib/gcc/arm-none-eabi/6.3.1/../../../../arm-none-eabi/lib/thumb/v7e-m/fpv4-sp/hard\libc.a(lib_a-lock.o)
 .ARM.attributes
                0x000007c4       0x20 d:/ac6/systemworkbench/plugins/fr.ac6.mcu.externaltools.arm-none.win32_1.15.0.201708311556/tools/compiler/bin/../lib/gcc/arm-none-eabi/6.3.1/../../../../arm-none-eabi/lib/thumb/v7e-m/fpv4-sp/hard\libc.a(lib_a-memchr.o)
 .ARM.attributes
                0x000007e4       0x20 d:/ac6/systemworkbench/plugins/fr.ac6.mcu.externaltools.arm-none.win32_1.15.0.201708311556/tools/compiler/bin/../lib/gcc/arm-none-eabi/6.3.1/../../../../arm-none-eabi/lib/thumb/v7e-m/fpv4-sp/hard\libc.a(lib_a-memcpy.o)
 .ARM.attributes
                0x00000804       0x34 d:/ac6/systemworkbench/plugins/fr.ac6.mcu.externaltools.arm-none.win32_1.15.0.201708311556/tools/compiler/bin/../lib/gcc/arm-none-eabi/6.3.1/../../../../arm-none-eabi/lib/thumb/v7e-m/fpv4-sp/hard\libc.a(lib_a-mprec.o)
 .ARM.attributes
                0x00000838       0x34 d:/ac6/systemworkbench/plugins/fr.ac6.mcu.externaltools.arm-none.win32_1.15.0.201708311556/tools/compiler/bin/../lib/gcc/arm-none-eabi/6.3.1/../../../../arm-none-eabi/lib/thumb/v7e-m/fpv4-sp/hard\libc.a(lib_a-reent.o)
 .ARM.attributes
                0x0000086c       0x20 d:/ac6/systemworkbench/plugins/fr.ac6.mcu.externaltools.arm-none.win32_1.15.0.201708311556/tools/compiler/bin/../lib/gcc/arm-none-eabi/6.3.1/../../../../arm-none-eabi/lib/thumb/v7e-m/fpv4-sp/hard\libc.a(lib_a-strlen.o)
 .ARM.attributes
                0x0000088c       0x34 d:/ac6/systemworkbench/plugins/fr.ac6.mcu.externaltools.arm-none.win32_1.15.0.201708311556/tools/compiler/bin/../lib/gcc/arm-none-eabi/6.3.1/../../../../arm-none-eabi/lib/thumb/v7e-m/fpv4-sp/hard\libc.a(lib_a-svfiprintf.o)
 .ARM.attributes
                0x000008c0       0x34 d:/ac6/systemworkbench/plugins/fr.ac6.mcu.externaltools.arm-none.win32_1.15.0.201708311556/tools/compiler/bin/../lib/gcc/arm-none-eabi/6.3.1/../../../../arm-none-eabi/lib/thumb/v7e-m/fpv4-sp/hard\libc.a(lib_a-__atexit.o)
 .ARM.attributes
                0x000008f4       0x34 d:/ac6/systemworkbench/plugins/fr.ac6.mcu.externaltools.arm-none.win32_1.15.0.201708311556/tools/compiler/bin/../lib/gcc/arm-none-eabi/6.3.1/../../../../arm-none-eabi/lib/thumb/v7e-m/fpv4-sp/hard\libc.a(lib_a-callocr.o)
 .ARM.attributes
                0x00000928       0x34 d:/ac6/systemworkbench/plugins/fr.ac6.mcu.externaltools.arm-none.win32_1.15.0.201708311556/tools/compiler/bin/../lib/gcc/arm-none-eabi/6.3.1/../../../../arm-none-eabi/lib/thumb/v7e-m/fpv4-sp/hard\libc.a(lib_a-locale.o)
 .ARM.attributes
                0x0000095c       0x34 d:/ac6/systemworkbench/plugins/fr.ac6.mcu.externaltools.arm-none.win32_1.15.0.201708311556/tools/compiler/bin/../lib/gcc/arm-none-eabi/6.3.1/../../../../arm-none-eabi/lib/thumb/v7e-m/fpv4-sp/hard\libc.a(lib_a-mbtowc_r.o)
 .ARM.attributes
                0x00000990       0x34 d:/ac6/systemworkbench/plugins/fr.ac6.mcu.externaltools.arm-none.win32_1.15.0.201708311556/tools/compiler/bin/../lib/gcc/arm-none-eabi/6.3.1/../../../../arm-none-eabi/lib/thumb/v7e-m/fpv4-sp/hard\libc.a(lib_a-memmove.o)
 .ARM.attributes
                0x000009c4       0x34 d:/ac6/systemworkbench/plugins/fr.ac6.mcu.externaltools.arm-none.win32_1.15.0.201708311556/tools/compiler/bin/../lib/gcc/arm-none-eabi/6.3.1/../../../../arm-none-eabi/lib/thumb/v7e-m/fpv4-sp/hard\libc.a(lib_a-reallocr.o)
 .ARM.attributes
                0x000009f8       0x34 d:/ac6/systemworkbench/plugins/fr.ac6.mcu.externaltools.arm-none.win32_1.15.0.201708311556/tools/compiler/bin/../lib/gcc/arm-none-eabi/6.3.1/../../../../arm-none-eabi/lib/thumb/v7e-m/fpv4-sp/hard\libc.a(lib_a-wctomb_r.o)
 .ARM.attributes
                0x00000a2c       0x34 d:/ac6/systemworkbench/plugins/fr.ac6.mcu.externaltools.arm-none.win32_1.15.0.201708311556/tools/compiler/bin/../lib/gcc/arm-none-eabi/6.3.1/../../../../arm-none-eabi/lib/thumb/v7e-m/fpv4-sp/hard\libc.a(lib_a-ctype_.o)
 .ARM.attributes
                0x00000a60       0x22 d:/ac6/systemworkbench/plugins/fr.ac6.mcu.externaltools.arm-none.win32_1.15.0.201708311556/tools/compiler/bin/../lib/gcc/arm-none-eabi/6.3.1/thumb/v7e-m/fpv4-sp/hard\libgcc.a(_arm_fixdfsi.o)
 .ARM.attributes
                0x00000a82       0x22 d:/ac6/systemworkbench/plugins/fr.ac6.mcu.externaltools.arm-none.win32_1.15.0.201708311556/tools/compiler/bin/../lib/gcc/arm-none-eabi/6.3.1/thumb/v7e-m/fpv4-sp/hard\libgcc.a(_aeabi_uldivmod.o)
 .ARM.attributes
                0x00000aa4       0x34 d:/ac6/systemworkbench/plugins/fr.ac6.mcu.externaltools.arm-none.win32_1.15.0.201708311556/tools/compiler/bin/../lib/gcc/arm-none-eabi/6.3.1/thumb/v7e-m/fpv4-sp/hard\libgcc.a(_udivmoddi4.o)
 .ARM.attributes
                0x00000ad8       0x22 d:/ac6/systemworkbench/plugins/fr.ac6.mcu.externaltools.arm-none.win32_1.15.0.201708311556/tools/compiler/bin/../lib/gcc/arm-none-eabi/6.3.1/thumb/v7e-m/fpv4-sp/hard\libgcc.a(_dvmd_tls.o)
 .ARM.attributes
                0x00000afa       0x22 d:/ac6/systemworkbench/plugins/fr.ac6.mcu.externaltools.arm-none.win32_1.15.0.201708311556/tools/compiler/bin/../lib/gcc/arm-none-eabi/6.3.1/thumb/v7e-m/fpv4-sp/hard/crtn.o
OUTPUT(WeatherStation.elf elf32-littlearm)

.debug_info     0x00000000     0x9dff
 .debug_info    0x00000000      0x551 StdPeriph_Driver/src/misc.o
 .debug_info    0x00000551      0x62c StdPeriph_Driver/src/stm32f4xx_gpio.o
 .debug_info    0x00000b7d      0xd71 StdPeriph_Driver/src/stm32f4xx_rcc.o
 .debug_info    0x000018ee     0x1c78 StdPeriph_Driver/src/stm32f4xx_tim.o
 .debug_info    0x00003566      0x9d9 StdPeriph_Driver/src/stm32f4xx_usart.o
 .debug_info    0x00003f3f      0xfb5 src/DHT11/dht11.o
 .debug_info    0x00004ef4     0x11b8 src/TM/tm_stm32f4_delay.o
 .debug_info    0x000060ac      0x282 src/TM/tm_stm32f4_disco.o
 .debug_info    0x0000632e      0x87c src/TM/tm_stm32f4_gpio.o
 .debug_info    0x00006baa      0xdd0 src/TM/tm_stm32f4_usart.o
 .debug_info    0x0000797a      0xf29 src/main.o
 .debug_info    0x000088a3      0xf2a src/syscalls.o
 .debug_info    0x000097cd      0x5c5 src/system_stm32f4xx.o
 .debug_info    0x00009d92       0x6d startup/startup_stm32.o

.debug_abbrev   0x00000000     0x19ab
 .debug_abbrev  0x00000000      0x175 StdPeriph_Driver/src/misc.o
 .debug_abbrev  0x00000175      0x1bb StdPeriph_Driver/src/stm32f4xx_gpio.o
 .debug_abbrev  0x00000330      0x1d2 StdPeriph_Driver/src/stm32f4xx_rcc.o
 .debug_abbrev  0x00000502      0x19d StdPeriph_Driver/src/stm32f4xx_tim.o
 .debug_abbrev  0x0000069f      0x185 StdPeriph_Driver/src/stm32f4xx_usart.o
 .debug_abbrev  0x00000824      0x2ab src/DHT11/dht11.o
 .debug_abbrev  0x00000acf      0x379 src/TM/tm_stm32f4_delay.o
 .debug_abbrev  0x00000e48      0x104 src/TM/tm_stm32f4_disco.o
 .debug_abbrev  0x00000f4c      0x17d src/TM/tm_stm32f4_gpio.o
 .debug_abbrev  0x000010c9      0x287 src/TM/tm_stm32f4_usart.o
 .debug_abbrev  0x00001350      0x267 src/main.o
 .debug_abbrev  0x000015b7      0x2aa src/syscalls.o
 .debug_abbrev  0x00001861      0x138 src/system_stm32f4xx.o
 .debug_abbrev  0x00001999       0x12 startup/startup_stm32.o

.debug_aranges  0x00000000      0xa20
 .debug_aranges
                0x00000000       0x40 StdPeriph_Driver/src/misc.o
 .debug_aranges
                0x00000040       0x88 StdPeriph_Driver/src/stm32f4xx_gpio.o
 .debug_aranges
                0x000000c8      0x198 StdPeriph_Driver/src/stm32f4xx_rcc.o
 .debug_aranges
                0x00000260      0x2f8 StdPeriph_Driver/src/stm32f4xx_tim.o
 .debug_aranges
                0x00000558      0x100 StdPeriph_Driver/src/stm32f4xx_usart.o
 .debug_aranges
                0x00000658       0x58 src/DHT11/dht11.o
 .debug_aranges
                0x000006b0       0x80 src/TM/tm_stm32f4_delay.o
 .debug_aranges
                0x00000730       0x38 src/TM/tm_stm32f4_disco.o
 .debug_aranges
                0x00000768       0x98 src/TM/tm_stm32f4_gpio.o
 .debug_aranges
                0x00000800       0xc8 src/TM/tm_stm32f4_usart.o
 .debug_aranges
                0x000008c8       0x50 src/main.o
 .debug_aranges
                0x00000918       0xb0 src/syscalls.o
 .debug_aranges
                0x000009c8       0x30 src/system_stm32f4xx.o
 .debug_aranges
                0x000009f8       0x28 startup/startup_stm32.o

.debug_ranges   0x00000000      0x948
 .debug_ranges  0x00000000       0x30 StdPeriph_Driver/src/misc.o
 .debug_ranges  0x00000030       0x78 StdPeriph_Driver/src/stm32f4xx_gpio.o
 .debug_ranges  0x000000a8      0x188 StdPeriph_Driver/src/stm32f4xx_rcc.o
 .debug_ranges  0x00000230      0x2e8 StdPeriph_Driver/src/stm32f4xx_tim.o
 .debug_ranges  0x00000518       0xf0 StdPeriph_Driver/src/stm32f4xx_usart.o
 .debug_ranges  0x00000608       0x48 src/DHT11/dht11.o
 .debug_ranges  0x00000650       0x70 src/TM/tm_stm32f4_delay.o
 .debug_ranges  0x000006c0       0x28 src/TM/tm_stm32f4_disco.o
 .debug_ranges  0x000006e8       0x88 src/TM/tm_stm32f4_gpio.o
 .debug_ranges  0x00000770       0xb8 src/TM/tm_stm32f4_usart.o
 .debug_ranges  0x00000828       0x40 src/main.o
 .debug_ranges  0x00000868       0xa0 src/syscalls.o
 .debug_ranges  0x00000908       0x20 src/system_stm32f4xx.o
 .debug_ranges  0x00000928       0x20 startup/startup_stm32.o

.debug_macro    0x00000000    0x10ef4
 .debug_macro   0x00000000      0x191 StdPeriph_Driver/src/misc.o
 .debug_macro   0x00000191      0x8d4 StdPeriph_Driver/src/misc.o
 .debug_macro   0x00000a65       0x65 StdPeriph_Driver/src/misc.o
 .debug_macro   0x00000aca       0x3b StdPeriph_Driver/src/misc.o
 .debug_macro   0x00000b05       0x22 StdPeriph_Driver/src/misc.o
 .debug_macro   0x00000b27       0x87 StdPeriph_Driver/src/misc.o
 .debug_macro   0x00000bae       0x51 StdPeriph_Driver/src/misc.o
 .debug_macro   0x00000bff       0xef StdPeriph_Driver/src/misc.o
 .debug_macro   0x00000cee       0x6a StdPeriph_Driver/src/misc.o
 .debug_macro   0x00000d58      0x1df StdPeriph_Driver/src/misc.o
 .debug_macro   0x00000f37       0x34 StdPeriph_Driver/src/misc.o
 .debug_macro   0x00000f6b       0x26 StdPeriph_Driver/src/misc.o
 .debug_macro   0x00000f91      0xe43 StdPeriph_Driver/src/misc.o
 .debug_macro   0x00001dd4     0x7fd9 StdPeriph_Driver/src/misc.o
 .debug_macro   0x00009dad      0x44f StdPeriph_Driver/src/misc.o
 .debug_macro   0x0000a1fc       0xb2 StdPeriph_Driver/src/misc.o
 .debug_macro   0x0000a2ae      0x477 StdPeriph_Driver/src/misc.o
 .debug_macro   0x0000a725       0xb5 StdPeriph_Driver/src/misc.o
 .debug_macro   0x0000a7da      0x41c StdPeriph_Driver/src/misc.o
 .debug_macro   0x0000abf6      0x2f4 StdPeriph_Driver/src/misc.o
 .debug_macro   0x0000aeea      0x2ba StdPeriph_Driver/src/misc.o
 .debug_macro   0x0000b1a4       0x64 StdPeriph_Driver/src/misc.o
 .debug_macro   0x0000b208       0xee StdPeriph_Driver/src/misc.o
 .debug_macro   0x0000b2f6      0x64a StdPeriph_Driver/src/misc.o
 .debug_macro   0x0000b940      0x59e StdPeriph_Driver/src/misc.o
 .debug_macro   0x0000bede      0x342 StdPeriph_Driver/src/misc.o
 .debug_macro   0x0000c220      0x36c StdPeriph_Driver/src/misc.o
 .debug_macro   0x0000c58c      0x10d StdPeriph_Driver/src/misc.o
 .debug_macro   0x0000c699      0x73b StdPeriph_Driver/src/misc.o
 .debug_macro   0x0000cdd4      0x223 StdPeriph_Driver/src/misc.o
 .debug_macro   0x0000cff7       0x34 StdPeriph_Driver/src/misc.o
 .debug_macro   0x0000d02b       0x10 StdPeriph_Driver/src/misc.o
 .debug_macro   0x0000d03b       0x35 StdPeriph_Driver/src/misc.o
 .debug_macro   0x0000d070       0x7c StdPeriph_Driver/src/misc.o
 .debug_macro   0x0000d0ec      0x18f StdPeriph_Driver/src/stm32f4xx_gpio.o
 .debug_macro   0x0000d27b      0x2ee StdPeriph_Driver/src/stm32f4xx_gpio.o
 .debug_macro   0x0000d569      0x25e StdPeriph_Driver/src/stm32f4xx_rcc.o
 .debug_macro   0x0000d7c7      0x1b9 StdPeriph_Driver/src/stm32f4xx_tim.o
 .debug_macro   0x0000d980      0x735 StdPeriph_Driver/src/stm32f4xx_tim.o
 .debug_macro   0x0000e0b5      0x1a7 StdPeriph_Driver/src/stm32f4xx_usart.o
 .debug_macro   0x0000e25c      0x21d StdPeriph_Driver/src/stm32f4xx_usart.o
 .debug_macro   0x0000e479      0x312 src/DHT11/dht11.o
 .debug_macro   0x0000e78b       0x58 src/DHT11/dht11.o
 .debug_macro   0x0000e7e3       0x35 src/DHT11/dht11.o
 .debug_macro   0x0000e818       0x9c src/DHT11/dht11.o
 .debug_macro   0x0000e8b4       0x16 src/DHT11/dht11.o
 .debug_macro   0x0000e8ca       0x97 src/DHT11/dht11.o
 .debug_macro   0x0000e961      0x330 src/DHT11/dht11.o
 .debug_macro   0x0000ec91       0xfd src/DHT11/dht11.o
 .debug_macro   0x0000ed8e       0x10 src/DHT11/dht11.o
 .debug_macro   0x0000ed9e       0x58 src/DHT11/dht11.o
 .debug_macro   0x0000edf6       0x1f src/DHT11/dht11.o
 .debug_macro   0x0000ee15       0x43 src/DHT11/dht11.o
 .debug_macro   0x0000ee58       0x20 src/DHT11/dht11.o
 .debug_macro   0x0000ee78      0x187 src/DHT11/dht11.o
 .debug_macro   0x0000efff       0x10 src/DHT11/dht11.o
 .debug_macro   0x0000f00f       0x1c src/DHT11/dht11.o
 .debug_macro   0x0000f02b       0x52 src/DHT11/dht11.o
 .debug_macro   0x0000f07d       0x40 src/DHT11/dht11.o
 .debug_macro   0x0000f0bd       0x10 src/DHT11/dht11.o
 .debug_macro   0x0000f0cd       0x40 src/DHT11/dht11.o
 .debug_macro   0x0000f10d       0xd7 src/DHT11/dht11.o
 .debug_macro   0x0000f1e4       0x16 src/DHT11/dht11.o
 .debug_macro   0x0000f1fa      0x18b src/DHT11/dht11.o
 .debug_macro   0x0000f385      0x1e1 src/DHT11/dht11.o
 .debug_macro   0x0000f566       0x1c src/DHT11/dht11.o
 .debug_macro   0x0000f582       0xa9 src/DHT11/dht11.o
 .debug_macro   0x0000f62b      0x270 src/TM/tm_stm32f4_delay.o
 .debug_macro   0x0000f89b      0x1af src/TM/tm_stm32f4_disco.o
 .debug_macro   0x0000fa4a       0x82 src/TM/tm_stm32f4_disco.o
 .debug_macro   0x0000facc      0x19d src/TM/tm_stm32f4_gpio.o
 .debug_macro   0x0000fc69      0x1c8 src/TM/tm_stm32f4_usart.o
 .debug_macro   0x0000fe31      0x18c src/TM/tm_stm32f4_usart.o
 .debug_macro   0x0000ffbd      0x3c4 src/main.o
 .debug_macro   0x00010381       0x52 src/main.o
 .debug_macro   0x000103d3       0x8d src/main.o
 .debug_macro   0x00010460       0x57 src/main.o
 .debug_macro   0x000104b7       0x1c src/main.o
 .debug_macro   0x000104d3       0x16 src/main.o
 .debug_macro   0x000104e9       0x10 src/main.o
 .debug_macro   0x000104f9       0x41 src/main.o
 .debug_macro   0x0001053a       0x10 src/main.o
 .debug_macro   0x0001054a      0x236 src/syscalls.o
 .debug_macro   0x00010780       0x10 src/syscalls.o
 .debug_macro   0x00010790       0x10 src/syscalls.o
 .debug_macro   0x000107a0       0x35 src/syscalls.o
 .debug_macro   0x000107d5      0x122 src/syscalls.o
 .debug_macro   0x000108f7       0x10 src/syscalls.o
 .debug_macro   0x00010907      0x241 src/syscalls.o
 .debug_macro   0x00010b48       0x10 src/syscalls.o
 .debug_macro   0x00010b58      0x159 src/syscalls.o
 .debug_macro   0x00010cb1       0x16 src/syscalls.o
 .debug_macro   0x00010cc7       0x88 src/syscalls.o
 .debug_macro   0x00010d4f      0x1a5 src/system_stm32f4xx.o

.debug_line     0x00000000     0x66bc
 .debug_line    0x00000000      0x5df StdPeriph_Driver/src/misc.o
 .debug_line    0x000005df      0x707 StdPeriph_Driver/src/stm32f4xx_gpio.o
 .debug_line    0x00000ce6      0x991 StdPeriph_Driver/src/stm32f4xx_rcc.o
 .debug_line    0x00001677      0xe59 StdPeriph_Driver/src/stm32f4xx_tim.o
 .debug_line    0x000024d0      0x84d StdPeriph_Driver/src/stm32f4xx_usart.o
 .debug_line    0x00002d1d      0x7c5 src/DHT11/dht11.o
 .debug_line    0x000034e2      0x7d9 src/TM/tm_stm32f4_delay.o
 .debug_line    0x00003cbb      0x5fb src/TM/tm_stm32f4_disco.o
 .debug_line    0x000042b6      0x764 src/TM/tm_stm32f4_gpio.o
 .debug_line    0x00004a1a      0x83a src/TM/tm_stm32f4_usart.o
 .debug_line    0x00005254      0x843 src/main.o
 .debug_line    0x00005a97      0x5d4 src/syscalls.o
 .debug_line    0x0000606b      0x5d8 src/system_stm32f4xx.o
 .debug_line    0x00006643       0x79 startup/startup_stm32.o

.debug_str      0x00000000    0x5c432
 .debug_str     0x00000000    0x528df StdPeriph_Driver/src/misc.o
                              0x52a81 (size before relaxing)
 .debug_str     0x000528df      0x244 StdPeriph_Driver/src/stm32f4xx_gpio.o
                              0x52b29 (size before relaxing)
 .debug_str     0x00052b23      0xcbe StdPeriph_Driver/src/stm32f4xx_rcc.o
                              0x53588 (size before relaxing)
 .debug_str     0x000537e1      0xc2f StdPeriph_Driver/src/stm32f4xx_tim.o
                              0x53520 (size before relaxing)
 .debug_str     0x00054410      0x52f StdPeriph_Driver/src/stm32f4xx_usart.o
                              0x52e3c (size before relaxing)
 .debug_str     0x0005493f     0x4ec2 src/DHT11/dht11.o
                              0x57b10 (size before relaxing)
 .debug_str     0x00059801      0x7a5 src/TM/tm_stm32f4_delay.o
                              0x55ff8 (size before relaxing)
 .debug_str     0x00059fa6      0x400 src/TM/tm_stm32f4_disco.o
                              0x531ea (size before relaxing)
 .debug_str     0x0005a3a6      0x1c4 src/TM/tm_stm32f4_gpio.o
                              0x53119 (size before relaxing)
 .debug_str     0x0005a56a      0xcae src/TM/tm_stm32f4_usart.o
                              0x5411c (size before relaxing)
 .debug_str     0x0005b218      0x1b3 src/main.o
                              0x58929 (size before relaxing)
 .debug_str     0x0005b3cb      0xfb9 src/syscalls.o
                               0x7d68 (size before relaxing)
 .debug_str     0x0005c384       0xae src/system_stm32f4xx.o
                              0x52a49 (size before relaxing)

.comment        0x00000000       0x7f
 .comment       0x00000000       0x7f StdPeriph_Driver/src/misc.o
                                 0x80 (size before relaxing)
 .comment       0x0000007f       0x80 StdPeriph_Driver/src/stm32f4xx_gpio.o
 .comment       0x0000007f       0x80 StdPeriph_Driver/src/stm32f4xx_rcc.o
 .comment       0x0000007f       0x80 StdPeriph_Driver/src/stm32f4xx_tim.o
 .comment       0x0000007f       0x80 StdPeriph_Driver/src/stm32f4xx_usart.o
 .comment       0x0000007f       0x80 src/DHT11/dht11.o
 .comment       0x0000007f       0x80 src/TM/tm_stm32f4_delay.o
 .comment       0x0000007f       0x80 src/TM/tm_stm32f4_disco.o
 .comment       0x0000007f       0x80 src/TM/tm_stm32f4_gpio.o
 .comment       0x0000007f       0x80 src/TM/tm_stm32f4_usart.o
 .comment       0x0000007f       0x80 src/main.o
 .comment       0x0000007f       0x80 src/syscalls.o
 .comment       0x0000007f       0x80 src/system_stm32f4xx.o

.debug_frame    0x00000000     0x3788
 .debug_frame   0x00000000       0xd8 StdPeriph_Driver/src/misc.o
 .debug_frame   0x000000d8      0x23c StdPeriph_Driver/src/stm32f4xx_gpio.o
 .debug_frame   0x00000314      0x774 StdPeriph_Driver/src/stm32f4xx_rcc.o
 .debug_frame   0x00000a88      0xe54 StdPeriph_Driver/src/stm32f4xx_tim.o
 .debug_frame   0x000018dc      0x490 StdPeriph_Driver/src/stm32f4xx_usart.o
 .debug_frame   0x00001d6c      0x138 src/DHT11/dht11.o
 .debug_frame   0x00001ea4      0x1ec src/TM/tm_stm32f4_delay.o
 .debug_frame   0x00002090       0x98 src/TM/tm_stm32f4_disco.o
 .debug_frame   0x00002128      0x274 src/TM/tm_stm32f4_gpio.o
 .debug_frame   0x0000239c      0x328 src/TM/tm_stm32f4_usart.o
 .debug_frame   0x000026c4       0xf8 src/main.o
 .debug_frame   0x000027bc      0x2d4 src/syscalls.o
 .debug_frame   0x00002a90       0x74 src/system_stm32f4xx.o
 .debug_frame   0x00002b04       0xac d:/ac6/systemworkbench/plugins/fr.ac6.mcu.externaltools.arm-none.win32_1.15.0.201708311556/tools/compiler/bin/../lib/gcc/arm-none-eabi/6.3.1/thumb/v7e-m/fpv4-sp/hard\libgcc.a(_arm_addsubdf3.o)
 .debug_frame   0x00002bb0       0x50 d:/ac6/systemworkbench/plugins/fr.ac6.mcu.externaltools.arm-none.win32_1.15.0.201708311556/tools/compiler/bin/../lib/gcc/arm-none-eabi/6.3.1/thumb/v7e-m/fpv4-sp/hard\libgcc.a(_arm_muldivdf3.o)
 .debug_frame   0x00002c00       0xc4 d:/ac6/systemworkbench/plugins/fr.ac6.mcu.externaltools.arm-none.win32_1.15.0.201708311556/tools/compiler/bin/../lib/gcc/arm-none-eabi/6.3.1/thumb/v7e-m/fpv4-sp/hard\libgcc.a(_arm_cmpdf2.o)
 .debug_frame   0x00002cc4       0x20 d:/ac6/systemworkbench/plugins/fr.ac6.mcu.externaltools.arm-none.win32_1.15.0.201708311556/tools/compiler/bin/../lib/gcc/arm-none-eabi/6.3.1/thumb/v7e-m/fpv4-sp/hard\libgcc.a(_arm_unorddf2.o)
 .debug_frame   0x00002ce4       0x20 d:/ac6/systemworkbench/plugins/fr.ac6.mcu.externaltools.arm-none.win32_1.15.0.201708311556/tools/compiler/bin/../lib/gcc/arm-none-eabi/6.3.1/../../../../arm-none-eabi/lib/thumb/v7e-m/fpv4-sp/hard\libc.a(lib_a-errno.o)
 .debug_frame   0x00002d04       0x2c d:/ac6/systemworkbench/plugins/fr.ac6.mcu.externaltools.arm-none.win32_1.15.0.201708311556/tools/compiler/bin/../lib/gcc/arm-none-eabi/6.3.1/../../../../arm-none-eabi/lib/thumb/v7e-m/fpv4-sp/hard\libc.a(lib_a-init.o)
 .debug_frame   0x00002d30       0x30 d:/ac6/systemworkbench/plugins/fr.ac6.mcu.externaltools.arm-none.win32_1.15.0.201708311556/tools/compiler/bin/../lib/gcc/arm-none-eabi/6.3.1/../../../../arm-none-eabi/lib/thumb/v7e-m/fpv4-sp/hard\libc.a(lib_a-malloc.o)
 .debug_frame   0x00002d60       0x58 d:/ac6/systemworkbench/plugins/fr.ac6.mcu.externaltools.arm-none.win32_1.15.0.201708311556/tools/compiler/bin/../lib/gcc/arm-none-eabi/6.3.1/../../../../arm-none-eabi/lib/thumb/v7e-m/fpv4-sp/hard\libc.a(lib_a-mallocr.o)
 .debug_frame   0x00002db8       0x34 d:/ac6/systemworkbench/plugins/fr.ac6.mcu.externaltools.arm-none.win32_1.15.0.201708311556/tools/compiler/bin/../lib/gcc/arm-none-eabi/6.3.1/../../../../arm-none-eabi/lib/thumb/v7e-m/fpv4-sp/hard\libc.a(lib_a-memset.o)
 .debug_frame   0x00002dec       0x30 d:/ac6/systemworkbench/plugins/fr.ac6.mcu.externaltools.arm-none.win32_1.15.0.201708311556/tools/compiler/bin/../lib/gcc/arm-none-eabi/6.3.1/../../../../arm-none-eabi/lib/thumb/v7e-m/fpv4-sp/hard\libc.a(lib_a-mlock.o)
 .debug_frame   0x00002e1c       0x2c d:/ac6/systemworkbench/plugins/fr.ac6.mcu.externaltools.arm-none.win32_1.15.0.201708311556/tools/compiler/bin/../lib/gcc/arm-none-eabi/6.3.1/../../../../arm-none-eabi/lib/thumb/v7e-m/fpv4-sp/hard\libc.a(lib_a-sbrkr.o)
 .debug_frame   0x00002e48       0x84 d:/ac6/systemworkbench/plugins/fr.ac6.mcu.externaltools.arm-none.win32_1.15.0.201708311556/tools/compiler/bin/../lib/gcc/arm-none-eabi/6.3.1/../../../../arm-none-eabi/lib/thumb/v7e-m/fpv4-sp/hard\libc.a(lib_a-sprintf.o)
 .debug_frame   0x00002ecc       0x28 d:/ac6/systemworkbench/plugins/fr.ac6.mcu.externaltools.arm-none.win32_1.15.0.201708311556/tools/compiler/bin/../lib/gcc/arm-none-eabi/6.3.1/../../../../arm-none-eabi/lib/thumb/v7e-m/fpv4-sp/hard\libc.a(lib_a-strcat.o)
 .debug_frame   0x00002ef4       0x20 d:/ac6/systemworkbench/plugins/fr.ac6.mcu.externaltools.arm-none.win32_1.15.0.201708311556/tools/compiler/bin/../lib/gcc/arm-none-eabi/6.3.1/../../../../arm-none-eabi/lib/thumb/v7e-m/fpv4-sp/hard\libc.a(lib_a-strcpy.o)
 .debug_frame   0x00002f14       0x40 d:/ac6/systemworkbench/plugins/fr.ac6.mcu.externaltools.arm-none.win32_1.15.0.201708311556/tools/compiler/bin/../lib/gcc/arm-none-eabi/6.3.1/../../../../arm-none-eabi/lib/thumb/v7e-m/fpv4-sp/hard\libc.a(lib_a-svfprintf.o)
 .debug_frame   0x00002f54       0x5c d:/ac6/systemworkbench/plugins/fr.ac6.mcu.externaltools.arm-none.win32_1.15.0.201708311556/tools/compiler/bin/../lib/gcc/arm-none-eabi/6.3.1/../../../../arm-none-eabi/lib/thumb/v7e-m/fpv4-sp/hard\libc.a(lib_a-__call_atexit.o)
 .debug_frame   0x00002fb0       0x20 d:/ac6/systemworkbench/plugins/fr.ac6.mcu.externaltools.arm-none.win32_1.15.0.201708311556/tools/compiler/bin/../lib/gcc/arm-none-eabi/6.3.1/../../../../arm-none-eabi/lib/thumb/v7e-m/fpv4-sp/hard\libc.a(lib_a-atexit.o)
 .debug_frame   0x00002fd0       0x88 d:/ac6/systemworkbench/plugins/fr.ac6.mcu.externaltools.arm-none.win32_1.15.0.201708311556/tools/compiler/bin/../lib/gcc/arm-none-eabi/6.3.1/../../../../arm-none-eabi/lib/thumb/v7e-m/fpv4-sp/hard\libc.a(lib_a-dtoa.o)
 .debug_frame   0x00003058       0x34 d:/ac6/systemworkbench/plugins/fr.ac6.mcu.externaltools.arm-none.win32_1.15.0.201708311556/tools/compiler/bin/../lib/gcc/arm-none-eabi/6.3.1/../../../../arm-none-eabi/lib/thumb/v7e-m/fpv4-sp/hard\libc.a(lib_a-fini.o)
 .debug_frame   0x0000308c       0x74 d:/ac6/systemworkbench/plugins/fr.ac6.mcu.externaltools.arm-none.win32_1.15.0.201708311556/tools/compiler/bin/../lib/gcc/arm-none-eabi/6.3.1/../../../../arm-none-eabi/lib/thumb/v7e-m/fpv4-sp/hard\libc.a(lib_a-freer.o)
 .debug_frame   0x00003100       0x40 d:/ac6/systemworkbench/plugins/fr.ac6.mcu.externaltools.arm-none.win32_1.15.0.201708311556/tools/compiler/bin/../lib/gcc/arm-none-eabi/6.3.1/../../../../arm-none-eabi/lib/thumb/v7e-m/fpv4-sp/hard\libc.a(lib_a-localeconv.o)
 .debug_frame   0x00003140       0xb0 d:/ac6/systemworkbench/plugins/fr.ac6.mcu.externaltools.arm-none.win32_1.15.0.201708311556/tools/compiler/bin/../lib/gcc/arm-none-eabi/6.3.1/../../../../arm-none-eabi/lib/thumb/v7e-m/fpv4-sp/hard\libc.a(lib_a-lock.o)
 .debug_frame   0x000031f0      0x25c d:/ac6/systemworkbench/plugins/fr.ac6.mcu.externaltools.arm-none.win32_1.15.0.201708311556/tools/compiler/bin/../lib/gcc/arm-none-eabi/6.3.1/../../../../arm-none-eabi/lib/thumb/v7e-m/fpv4-sp/hard\libc.a(lib_a-mprec.o)
 .debug_frame   0x0000344c       0x58 d:/ac6/systemworkbench/plugins/fr.ac6.mcu.externaltools.arm-none.win32_1.15.0.201708311556/tools/compiler/bin/../lib/gcc/arm-none-eabi/6.3.1/../../../../arm-none-eabi/lib/thumb/v7e-m/fpv4-sp/hard\libc.a(lib_a-reent.o)
 .debug_frame   0x000034a4       0x78 d:/ac6/systemworkbench/plugins/fr.ac6.mcu.externaltools.arm-none.win32_1.15.0.201708311556/tools/compiler/bin/../lib/gcc/arm-none-eabi/6.3.1/../../../../arm-none-eabi/lib/thumb/v7e-m/fpv4-sp/hard\libc.a(lib_a-svfiprintf.o)
 .debug_frame   0x0000351c       0x34 d:/ac6/systemworkbench/plugins/fr.ac6.mcu.externaltools.arm-none.win32_1.15.0.201708311556/tools/compiler/bin/../lib/gcc/arm-none-eabi/6.3.1/../../../../arm-none-eabi/lib/thumb/v7e-m/fpv4-sp/hard\libc.a(lib_a-__atexit.o)
 .debug_frame   0x00003550       0x28 d:/ac6/systemworkbench/plugins/fr.ac6.mcu.externaltools.arm-none.win32_1.15.0.201708311556/tools/compiler/bin/../lib/gcc/arm-none-eabi/6.3.1/../../../../arm-none-eabi/lib/thumb/v7e-m/fpv4-sp/hard\libc.a(lib_a-callocr.o)
 .debug_frame   0x00003578       0x6c d:/ac6/systemworkbench/plugins/fr.ac6.mcu.externaltools.arm-none.win32_1.15.0.201708311556/tools/compiler/bin/../lib/gcc/arm-none-eabi/6.3.1/../../../../arm-none-eabi/lib/thumb/v7e-m/fpv4-sp/hard\libc.a(lib_a-locale.o)
 .debug_frame   0x000035e4       0x4c d:/ac6/systemworkbench/plugins/fr.ac6.mcu.externaltools.arm-none.win32_1.15.0.201708311556/tools/compiler/bin/../lib/gcc/arm-none-eabi/6.3.1/../../../../arm-none-eabi/lib/thumb/v7e-m/fpv4-sp/hard\libc.a(lib_a-mbtowc_r.o)
 .debug_frame   0x00003630       0x30 d:/ac6/systemworkbench/plugins/fr.ac6.mcu.externaltools.arm-none.win32_1.15.0.201708311556/tools/compiler/bin/../lib/gcc/arm-none-eabi/6.3.1/../../../../arm-none-eabi/lib/thumb/v7e-m/fpv4-sp/hard\libc.a(lib_a-memmove.o)
 .debug_frame   0x00003660       0x68 d:/ac6/systemworkbench/plugins/fr.ac6.mcu.externaltools.arm-none.win32_1.15.0.201708311556/tools/compiler/bin/../lib/gcc/arm-none-eabi/6.3.1/../../../../arm-none-eabi/lib/thumb/v7e-m/fpv4-sp/hard\libc.a(lib_a-reallocr.o)
 .debug_frame   0x000036c8       0x3c d:/ac6/systemworkbench/plugins/fr.ac6.mcu.externaltools.arm-none.win32_1.15.0.201708311556/tools/compiler/bin/../lib/gcc/arm-none-eabi/6.3.1/../../../../arm-none-eabi/lib/thumb/v7e-m/fpv4-sp/hard\libc.a(lib_a-wctomb_r.o)
 .debug_frame   0x00003704       0x24 d:/ac6/systemworkbench/plugins/fr.ac6.mcu.externaltools.arm-none.win32_1.15.0.201708311556/tools/compiler/bin/../lib/gcc/arm-none-eabi/6.3.1/thumb/v7e-m/fpv4-sp/hard\libgcc.a(_arm_fixdfsi.o)
 .debug_frame   0x00003728       0x2c d:/ac6/systemworkbench/plugins/fr.ac6.mcu.externaltools.arm-none.win32_1.15.0.201708311556/tools/compiler/bin/../lib/gcc/arm-none-eabi/6.3.1/thumb/v7e-m/fpv4-sp/hard\libgcc.a(_aeabi_uldivmod.o)
 .debug_frame   0x00003754       0x34 d:/ac6/systemworkbench/plugins/fr.ac6.mcu.externaltools.arm-none.win32_1.15.0.201708311556/tools/compiler/bin/../lib/gcc/arm-none-eabi/6.3.1/thumb/v7e-m/fpv4-sp/hard\libgcc.a(_udivmoddi4.o)
